Godot Engine v4.4.1.stable.official.49a5bc7b6 - https://godotengine.org

first_scan_filesystem: begin: Project initialization steps: 5
	first_scan_filesystem: step 0: Scanning file structure...
	first_scan_filesystem: step 1: Loading global class names...
	first_scan_filesystem: step 2: Verifying GDExtensions...
	first_scan_filesystem: step 3: Creating autoload scripts...
	first_scan_filesystem: step 4: Initializing plugins...
	first_scan_filesystem: step 5: Starting file scan...
first_scan_filesystem: end
WARNING: UID duplicate detected between res://Projectiles/AG Missile/ag_missile_projectile.tscn and res://Projectiles/AA Missile/ag_missile_projectile.tscn.
   at: _process_file_system (editor/editor_file_system.cpp:1358)
WARNING: UID duplicate detected between res://Projectiles/AG Missile/missile.glb and res://Projectiles/AA Missile/missile.glb.
   at: _process_file_system (editor/editor_file_system.cpp:1358)
WARNING: UID duplicate detected between res://Weapons/AG_Missile/ag_missile_launcher.tscn and res://Weapons/AA_Missile/aa_missile_launcher.tscn.
   at: _process_file_system (editor/editor_file_system.cpp:1358)
WARNING: UID duplicate detected between res://Weapons/AG_Missile/missile_visual.tscn and res://Weapons/AA_Missile/missile_visual.tscn.
   at: _process_file_system (editor/editor_file_system.cpp:1358)
reimport: begin: (Re)Importing Assets steps: 1
	reimport: step 0: Preparing files to reimport...
	reimport: step 0: Executing pre-reimport operations...
	reimport: step 0: SWAT_sit.glb
import: begin: Import Scene steps: 104
	import: step 0: Importing Scene...
	import: step 2: Running Custom Script...
	import: step 104: Saving...
ERROR: Parameter "t" is null.
   at: texture_2d_get (servers/rendering/dummy/storage/texture_storage.h:107)
import: end
	reimport: step 1: Finalizing Asset Import...
reimport: end
reimport: begin: (Re)Importing Assets steps: 1
	reimport: step 0: Executing post-reimport operations...
reimport: end
loading_editor_layout: begin: Loading editor steps: 5
	loading_editor_layout: step 0: Loading editor layout...
	loading_editor_layout: step 1: Loading docks...
	loading_editor_layout: step 2: Reopening scenes...
WARNING: res://Weapons/Autocannon/Autocannon.tscn:5 - ext_resource, invalid UID: uid://ca6d1nc6lkmsj - using text path instead: res://Models/machine gun low poly.glb
   at: load (scene/resources/resource_format_text.cpp:447)
	loading_editor_layout: step 3: Loading central editor layout...
	loading_editor_layout: step 4: Loading plugin window layout...
SCRIPT ERROR: Parse Error: Variable "_target_throttle" has the same name as a previously declared variable.
   at: GDScript::reload (res://GroundVehicle/ground_vehicle.gd:31)
ERROR: Failed to load script "res://GroundVehicle/ground_vehicle.gd" with error "Parse error".
   at: load (modules/gdscript/gdscript.cpp:3022)
	loading_editor_layout: step 5: Editor layout ready.
loading_editor_layout: end
