HELI COMBAT REPORT START t=24.13 ticks=24129
================================================================================================
COMBAT PLAN START t=14.05 craft=Aircraft_11_1 type=Aircraft_11 weapon=rocket target=@StaticBody3D@835 target_pos=(-804.5, 813.7, -2425.7) state=LOW_LEVEL_TRANSIT mission=OUTBOUND
  ingress=(-542.8, 866.0, -1776.5) fire_start=(-625.1, 692.0, -1980.5) fire_end=(-684.9, 902.0, -2128.9) egress=(-1017.8, 727.0, -1617.3) route_ready=false route_task=56299
================================================================================================
COMBAT PLAN START t=25.32 craft=Aircraft_11_1 type=Aircraft_11 weapon=rocket target=DummyTurret_HeliTest_53 target_pos=(69.3, 485.0, -867.7) state=LOW_LEVEL_TRANSIT mission=OUTBOUND
  ingress=(156.9, 575.0, -173.2) fire_start=(129.3, 575.0, -391.5) fire_end=(109.3, 575.0, -550.2) egress=(-343.0, 616.0, -140.4) route_ready=false route_task=84920
t=28.40 event=ATTACK_RUN_NO_SHOT run_id=1 craft=Aircraft_11_1 type=Aircraft_11 weapon=rocket target=DummyTurret_HeliTest_53 target_id=1328000538906 duration=3.00 exit_reason=left_route_attack_segment last_hold=aim_alignment min_dist=405.6 best_aim_dot=1.0 last_aim_dot=0.9 last_yaw=26.3 last_pitch=-10.1 best_ccip_miss=? last_ccip_miss=? details="dot=0.886 need=0.996"
================================================================================================
COMBAT PLAN START t=15.35 craft=Aircraft_9_2 type=Aircraft_9 weapon=gun target=DummyTurret_HeliTest_53 target_pos=(69.3, 485.0, -867.7) state=LOW_LEVEL_TRANSIT mission=OUTBOUND
  ingress=(343.8, 560.0, -379.6) fire_start=(265.3, 560.0, -519.0) fire_end=(186.9, 560.0, -658.5) egress=(-32.1, 593.0, -191.1) route_ready=false route_task=156039
================================================================================================
COMBAT PLAN START t=63.48 craft=Aircraft_11_1 type=Aircraft_11 weapon=rocket target=DummyTurret_HeliTest_53 target_pos=(69.3, 485.0, -867.7) state=LOW_LEVEL_TRANSIT mission=OUTBOUND
  ingress=(-183.2, 593.0, -214.8) fire_start=(-103.9, 581.0, -420.0) fire_end=(-46.1, 575.0, -569.2) egress=(293.9, 610.0, -62.4) route_ready=false route_task=188707
t=27.76 event=ATTACK_RUN_NO_SHOT run_id=1 craft=Aircraft_9_2 type=Aircraft_9 weapon=gun target=DummyTurret_HeliTest_53 target_id=1328000538906 duration=3.40 exit_reason=left_route_attack_segment last_hold=aim_alignment min_dist=380.2 best_aim_dot=1.0 last_aim_dot=1.0 last_yaw=-4.1 last_pitch=-1.7 best_ccip_miss=? last_ccip_miss=? details="dot=0.997 need=1.000"
================================================================================================
COMBAT PLAN START t=14.56 craft=Aircraft_10_3 type=Aircraft_10 weapon=gun target=DummyTurret_HeliTest_53 target_pos=(69.3, 485.0, -867.7) state=LOW_LEVEL_TRANSIT mission=OUTBOUND
  ingress=(578.6, 557.0, -634.9) fire_start=(433.1, 560.0, -701.4) fire_end=(287.6, 563.0, -767.9) egress=(385.9, 590.0, -261.2) route_ready=false route_task=236469
================================================================================================
COMBAT PLAN START t=51.25 craft=Aircraft_9_2 type=Aircraft_9 weapon=rocket target=DummyTurret_HeliTest_9 target_pos=(-130.7, 479.0, -1627.7) state=LOW_LEVEL_TRANSIT mission=OUTBOUND
  ingress=(-49.3, 575.0, -932.4) fire_start=(-74.8, 572.0, -1150.9) fire_end=(-93.5, 569.0, -1309.9) egress=(-549.3, 610.0, -904.1) route_ready=false route_task=254080
================================================================================================
COMBAT PLAN START t=88.23 craft=Aircraft_11_1 type=Aircraft_11 weapon=rocket target=DummyTurret_HeliTest_35 target_pos=(-1370.7, 485.0, 212.3) state=LOW_LEVEL_TRANSIT mission=OUTBOUND
  ingress=(-699.8, 578.0, 12.5) fire_start=(-910.7, 578.0, 75.3) fire_end=(-1064.0, 578.0, 121.0) egress=(-585.8, 610.0, 500.2) route_ready=false route_task=256256
================================================================================================
COMBAT PLAN START t=21.91 craft=Aircraft_10_3 type=Aircraft_10 weapon=rocket target=DummyTurret_HeliTest_9 target_pos=(-130.7, 479.0, -1627.7) state=LOW_LEVEL_TRANSIT mission=OUTBOUND
  ingress=(228.3, 575.0, -1026.7) fire_start=(115.5, 569.0, -1215.6) fire_end=(33.4, 566.0, -1353.0) egress=(-216.4, 607.0, -796.1) route_ready=false route_task=256257
t=39.20 event=ATTACK_RUN_NO_SHOT run_id=1 craft=Aircraft_10_3 type=Aircraft_10 weapon=rocket target=DummyTurret_HeliTest_9 target_id=1316189379497 duration=3.00 exit_reason=left_route_attack_segment last_hold=aim_alignment min_dist=420.8 best_aim_dot=1.0 last_aim_dot=1.0 last_yaw=-10.0 last_pitch=-8.5 best_ccip_miss=? last_ccip_miss=? details="dot=0.974 need=0.996"
t=106.39 event=ATTACK_RUN_NO_SHOT run_id=2 craft=Aircraft_11_1 type=Aircraft_11 weapon=rocket target=DummyTurret_HeliTest_35 target_id=1323168699066 duration=3.00 exit_reason=left_route_attack_segment last_hold=aim_alignment min_dist=456.4 best_aim_dot=1.0 last_aim_dot=0.9 last_yaw=15.3 last_pitch=-11.8 best_ccip_miss=67.9 last_ccip_miss=67.9 details="dot=0.945 need=0.996"
================================================================================================
COMBAT PLAN START t=14.69 craft=Aircraft_11_4 type=Aircraft_11 weapon=rocket target=DummyTurret_HeliTest_9 target_pos=(-130.7, 479.0, -1627.7) state=LOW_LEVEL_TRANSIT mission=OUTBOUND
  ingress=(323.8, 575.0, -1095.3) fire_start=(180.9, 569.0, -1262.6) fire_end=(77.1, 566.0, -1384.3) egress=(-76.0, 610.0, -793.5) route_ready=false route_task=319736
================================================================================================
COMBAT PLAN START t=120.78 craft=Aircraft_11_1 type=Aircraft_11 weapon=rocket target=DummyTurret_HeliTest_35 target_pos=(-1370.7, 485.0, 212.3) state=LOW_LEVEL_TRANSIT mission=OUTBOUND
  ingress=(-749.2, 575.0, 534.4) fire_start=(-944.5, 578.0, 433.2) fire_end=(-1086.6, 578.0, 359.6) egress=(-1005.9, 604.0, 964.5) route_ready=false route_task=347216
================================================================================================
COMBAT PLAN START t=59.25 craft=Aircraft_10_3 type=Aircraft_10 weapon=gun target=DummyTurret_HeliTest_9 target_pos=(-130.7, 479.0, -1627.7) state=LOW_LEVEL_TRANSIT mission=OUTBOUND
  ingress=(-241.0, 557.0, -1078.7) fire_start=(-209.5, 554.0, -1235.5) fire_end=(-178.0, 554.0, -1392.4) egress=(-648.8, 590.0, -1181.0) route_ready=false route_task=361041
t=31.20 event=ATTACK_RUN_NO_SHOT run_id=1 craft=Aircraft_11_4 type=Aircraft_11 weapon=rocket target=DummyTurret_HeliTest_9 target_id=1316189379497 duration=3.04 exit_reason=left_route_attack_segment last_hold=aim_alignment min_dist=450.9 best_aim_dot=1.0 last_aim_dot=1.0 last_yaw=-9.9 last_pitch=-3.6 best_ccip_miss=50.3 last_ccip_miss=50.3 details="dot=0.984 need=0.996"
t=98.68 event=ATTACK_RUN_NO_SHOT run_id=2 craft=Aircraft_9_2 type=Aircraft_9 weapon=rocket target=DummyTurret_HeliTest_9 target_id=1316189379497 duration=3.02 exit_reason=left_route_attack_segment last_hold=aim_alignment min_dist=484.0 best_aim_dot=0.6 last_aim_dot=0.0 last_yaw=-90.1 last_pitch=-1.6 best_ccip_miss=? last_ccip_miss=? details="dot=0.004 need=0.996"
================================================================================================
COMBAT PLAN START t=15.46 craft=Aircraft_9_5 type=Aircraft_9 weapon=gun target=DummyTurret_HeliTest_9 target_pos=(-130.7, 479.0, -1627.7) state=LOW_LEVEL_TRANSIT mission=OUTBOUND
  ingress=(358.7, 554.0, -1355.4) fire_start=(218.8, 551.0, -1433.2) fire_end=(79.0, 551.0, -1511.0) egress=(137.0, 590.0, -998.1) route_ready=false route_task=406266
================================================================================================
COMBAT PLAN START t=107.36 craft=Aircraft_9_2 type=Aircraft_9 weapon=gun target=DummyTurret_HeliTest_9 target_pos=(-130.7, 479.0, -1627.7) state=LOW_LEVEL_TRANSIT mission=OUTBOUND
  ingress=(-424.5, 554.0, -1151.0) fire_start=(-340.6, 554.0, -1287.2) fire_end=(-256.6, 554.0, -1423.4) egress=(-771.6, 593.0, -1388.3) route_ready=false route_task=411428
t=143.69 event=ATTACK_RUN_NO_SHOT run_id=3 craft=Aircraft_11_1 type=Aircraft_11 weapon=rocket target=DummyTurret_HeliTest_35 target_id=1323168699066 duration=3.01 exit_reason=left_route_attack_segment last_hold=aim_alignment min_dist=465.6 best_aim_dot=0.8 last_aim_dot=0.8 last_yaw=-35.7 last_pitch=-7.9 best_ccip_miss=? last_ccip_miss=? details="dot=0.808 need=0.996"
================================================================================================
COMBAT PLAN START t=49.03 craft=Aircraft_11_4 type=Aircraft_11 weapon=rocket target=DummyTurret_HeliTest_9 target_pos=(-130.7, 479.0, -1627.7) state=LOW_LEVEL_TRANSIT mission=OUTBOUND
  ingress=(-135.2, 572.0, -927.7) fire_start=(-133.8, 572.0, -1147.7) fire_end=(-132.8, 569.0, -1307.7) egress=(-635.0, 610.0, -960.9) route_ready=false route_task=416242
================================================================================================
COMBAT PLAN START t=109.41 craft=Aircraft_9_2 type=Aircraft_9 weapon=gun target=DummyTurret_HeliTest_9 target_pos=(-130.7, 479.0, -1627.7) state=LOW_LEVEL_TRANSIT mission=OUTBOUND
  ingress=(-418.0, 554.0, -1147.0) fire_start=(-335.9, 554.0, -1284.3) fire_end=(-253.8, 554.0, -1421.7) egress=(-768.3, 593.0, -1379.7) route_ready=false route_task=417213
================================================================================================
COMBAT PLAN START t=111.46 craft=Aircraft_9_2 type=Aircraft_9 weapon=gun target=DummyTurret_HeliTest_9 target_pos=(-130.7, 479.0, -1627.7) state=LOW_LEVEL_TRANSIT mission=OUTBOUND
  ingress=(-407.1, 554.0, -1140.6) fire_start=(-328.1, 554.0, -1279.8) fire_end=(-249.1, 554.0, -1419.0) egress=(-762.5, 593.0, -1365.3) route_ready=false route_task=423006
================================================================================================
COMBAT PLAN START t=113.55 craft=Aircraft_9_2 type=Aircraft_9 weapon=gun target=DummyTurret_HeliTest_9 target_pos=(-130.7, 479.0, -1627.7) state=LOW_LEVEL_TRANSIT mission=OUTBOUND
  ingress=(-394.7, 554.0, -1133.8) fire_start=(-319.3, 554.0, -1274.9) fire_end=(-243.8, 554.0, -1416.0) egress=(-755.7, 593.0, -1349.5) route_ready=false route_task=428713
================================================================================================
COMBAT PLAN START t=115.62 craft=Aircraft_9_2 type=Aircraft_9 weapon=rocket target=DummyTurret_HeliTest_9 target_pos=(-130.7, 479.0, -1627.7) state=LOW_LEVEL_TRANSIT mission=OUTBOUND
  ingress=(-446.3, 572.0, -1002.9) fire_start=(-347.1, 569.0, -1199.2) fire_end=(-275.0, 569.0, -1342.0) egress=(-879.0, 613.0, -1255.0) route_ready=false route_task=434598
t=88.88 event=ATTACK_RUN_NO_SHOT run_id=2 craft=Aircraft_10_3 type=Aircraft_10 weapon=gun target=DummyTurret_HeliTest_9 target_id=1316189379497 duration=3.00 exit_reason=left_route_attack_segment last_hold=aim_alignment min_dist=355.5 best_aim_dot=1.0 last_aim_dot=1.0 last_yaw=14.2 last_pitch=-2.7 best_ccip_miss=? last_ccip_miss=? details="dot=0.969 need=1.000"
================================================================================================
COMBAT PLAN START t=159.10 craft=Aircraft_11_1 type=Aircraft_11 weapon=rocket target=DummyTurret_HeliTest_35 target_pos=(-1370.7, 485.0, 212.3) state=LOW_LEVEL_TRANSIT mission=OUTBOUND
  ingress=(-1117.3, 572.0, 864.8) fire_start=(-1197.0, 578.0, 659.8) fire_end=(-1254.9, 578.0, 510.6) egress=(-1594.3, 604.0, 1017.9) route_ready=false route_task=455230
t=71.00 event=ATTACK_RUN_NO_SHOT run_id=2 craft=Aircraft_11_4 type=Aircraft_11 weapon=rocket target=DummyTurret_HeliTest_9 target_id=1316189379497 duration=3.01 exit_reason=left_route_attack_segment last_hold=aim_alignment min_dist=432.4 best_aim_dot=1.0 last_aim_dot=0.9 last_yaw=23.7 last_pitch=-2.3 best_ccip_miss=? last_ccip_miss=? details="dot=0.917 need=0.996"
t=132.41 event=ATTACK_RUN_NO_SHOT run_id=3 craft=Aircraft_9_2 type=Aircraft_9 weapon=rocket target=DummyTurret_HeliTest_9 target_id=1316189379497 duration=3.01 exit_reason=left_route_attack_segment last_hold=aim_alignment min_dist=481.9 best_aim_dot=0.5 last_aim_dot=0.4 last_yaw=-68.5 last_pitch=-1.5 best_ccip_miss=? last_ccip_miss=? details="dot=0.375 need=0.996"
================================================================================================
COMBAT PLAN START t=106.31 craft=Aircraft_10_3 type=Aircraft_10 weapon=rocket target=DummyTurret_HeliTest_9 target_pos=(-130.7, 479.0, -1627.7) state=LOW_LEVEL_TRANSIT mission=OUTBOUND
  ingress=(-608.8, 572.0, -1116.4) fire_start=(-458.5, 572.0, -1277.1) fire_end=(-349.3, 569.0, -1394.0) egress=(-953.5, 622.0, -1479.8) route_ready=false route_task=493468
t=49.66 event=ATTACK_RUN_NO_SHOT run_id=1 craft=Aircraft_9_5 type=Aircraft_9 weapon=gun target=DummyTurret_HeliTest_9 target_id=1316189379497 duration=3.01 exit_reason=left_route_attack_segment last_hold=aim_alignment min_dist=266.4 best_aim_dot=0.9 last_aim_dot=0.9 last_yaw=-21.1 last_pitch=-4.0 best_ccip_miss=? last_ccip_miss=? details="dot=0.933 need=1.000"
t=176.18 event=ATTACK_RUN_NO_SHOT run_id=4 craft=Aircraft_11_1 type=Aircraft_11 weapon=rocket target=DummyTurret_HeliTest_35 target_id=1323168699066 duration=3.01 exit_reason=left_route_attack_segment last_hold=aim_alignment min_dist=427.0 best_aim_dot=1.0 last_aim_dot=0.7 last_yaw=-41.7 last_pitch=-12.2 best_ccip_miss=? last_ccip_miss=? details="dot=0.742 need=0.996"
================================================================================================
COMBAT PLAN START t=86.18 craft=Aircraft_11_4 type=Aircraft_11 weapon=rocket target=DummyTurret_HeliTest_9 target_pos=(-130.7, 479.0, -1627.7) state=LOW_LEVEL_TRANSIT mission=OUTBOUND
  ingress=(-536.2, 572.0, -1057.1) fire_start=(-408.7, 569.0, -1236.4) fire_end=(-316.1, 569.0, -1366.8) egress=(-926.4, 613.0, -1371.2) route_ready=false route_task=521094
================================================================================================
COMBAT PLAN START t=58.96 craft=Aircraft_9_5 type=Aircraft_9 weapon=gun target=DummyTurret_HeliTest_9 target_pos=(-130.7, 479.0, -1627.7) state=LOW_LEVEL_TRANSIT mission=OUTBOUND
  ingress=(-134.1, 557.0, -1067.7) fire_start=(-133.2, 554.0, -1227.7) fire_end=(-132.2, 554.0, -1387.7) egress=(-554.0, 587.0, -1090.3) route_ready=false route_task=529050
================================================================================================
COMBAT PLAN START t=61.01 craft=Aircraft_9_5 type=Aircraft_9 weapon=gun target=DummyTurret_HeliTest_9 target_pos=(-130.7, 479.0, -1627.7) state=LOW_LEVEL_TRANSIT mission=OUTBOUND
  ingress=(-142.3, 557.0, -1067.8) fire_start=(-139.0, 554.0, -1227.8) fire_end=(-135.7, 554.0, -1387.7) egress=(-561.8, 587.0, -1096.5) route_ready=false route_task=534776
================================================================================================
COMBAT PLAN START t=188.00 craft=Aircraft_11_1 type=Aircraft_11 weapon=rocket target=DummyTurret_HeliTest_35 target_pos=(-1370.7, 485.0, 212.3) state=LOW_LEVEL_TRANSIT mission=OUTBOUND
  ingress=(-1588.8, 572.0, 877.5) fire_start=(-1520.3, 575.0, 668.4) fire_end=(-1470.4, 575.0, 516.4) egress=(-2054.6, 607.0, 693.2) route_ready=false route_task=536584
t=188.01 event=ATTACK_RUN_NO_SHOT run_id=5 craft=Aircraft_11_1 type=Aircraft_11 weapon=rocket target=DummyTurret_HeliTest_35 target_id=1323168699066 duration=0.00 exit_reason=corridor_terrain_hazard last_hold=none min_dist=? best_aim_dot=-1.0 last_aim_dot=? last_yaw=? last_pitch=? best_ccip_miss=? last_ccip_miss=? details=""
================================================================================================
COMBAT PLAN START t=63.08 craft=Aircraft_9_5 type=Aircraft_9 weapon=gun target=DummyTurret_HeliTest_9 target_pos=(-130.7, 479.0, -1627.7) state=LOW_LEVEL_TRANSIT mission=OUTBOUND
  ingress=(-132.0, 557.0, -1067.7) fire_start=(-131.6, 554.0, -1227.7) fire_end=(-131.2, 554.0, -1387.7) egress=(-551.9, 587.0, -1088.6) route_ready=false route_task=540470
================================================================================================
COMBAT PLAN START t=190.07 craft=Aircraft_11_1 type=Aircraft_11 weapon=rocket target=DummyTurret_HeliTest_35 target_pos=(-1370.7, 485.0, 212.3) state=LOW_LEVEL_TRANSIT mission=OUTBOUND
  ingress=(-1588.9, 572.0, 877.4) fire_start=(-1520.3, 575.0, 668.4) fire_end=(-1470.4, 575.0, 516.4) egress=(-2054.6, 607.0, 693.1) route_ready=false route_task=542312
================================================================================================
COMBAT PLAN START t=65.14 craft=Aircraft_9_5 type=Aircraft_9 weapon=rocket target=DummyTurret_HeliTest_9 target_pos=(-130.7, 479.0, -1627.7) state=LOW_LEVEL_TRANSIT mission=OUTBOUND
  ingress=(-112.6, 572.0, -927.9) fire_start=(-118.3, 572.0, -1147.8) fire_end=(-122.4, 569.0, -1307.8) egress=(-613.2, 610.0, -945.0) route_ready=false route_task=546234
t=65.22 event=ATTACK_RUN_NO_SHOT run_id=2 craft=Aircraft_9_5 type=Aircraft_9 weapon=rocket target=DummyTurret_HeliTest_9 target_id=1316189379497 duration=0.00 exit_reason=corridor_terrain_hazard last_hold=none min_dist=? best_aim_dot=-1.0 last_aim_dot=? last_yaw=? last_pitch=? best_ccip_miss=? last_ccip_miss=? details=""
t=125.81 event=ATTACK_RUN_NO_SHOT run_id=3 craft=Aircraft_10_3 type=Aircraft_10 weapon=rocket target=DummyTurret_HeliTest_9 target_id=1316189379497 duration=3.00 exit_reason=left_route_attack_segment last_hold=aim_alignment min_dist=457.4 best_aim_dot=1.0 last_aim_dot=0.8 last_yaw=-33.0 last_pitch=-4.0 best_ccip_miss=49.2 last_ccip_miss=49.2 details="dot=0.841 need=0.996"
t=193.12 event=ATTACK_RUN_NO_SHOT run_id=6 craft=Aircraft_11_1 type=Aircraft_11 weapon=rocket target=DummyTurret_HeliTest_35 target_id=1323168699066 duration=3.01 exit_reason=left_route_attack_segment last_hold=aim_alignment min_dist=472.8 best_aim_dot=1.0 last_aim_dot=0.7 last_yaw=45.0 last_pitch=-8.4 best_ccip_miss=? last_ccip_miss=? details="dot=0.712 need=0.996"
================================================================================================
COMBAT PLAN START t=67.24 craft=Aircraft_9_5 type=Aircraft_9 weapon=gun target=DummyTurret_HeliTest_9 target_pos=(-130.7, 479.0, -1627.7) state=LOW_LEVEL_TRANSIT mission=OUTBOUND
  ingress=(-93.8, 557.0, -1068.9) fire_start=(-104.4, 554.0, -1228.6) fire_end=(-114.9, 554.0, -1388.2) egress=(-514.2, 587.0, -1061.2) route_ready=false route_task=552181
================================================================================================
COMBAT PLAN START t=14.64 craft=Aircraft_10_6 type=Aircraft_10 weapon=gun target=DummyTurret_HeliTest_9 target_pos=(-130.7, 479.0, -1627.7) state=LOW_LEVEL_TRANSIT mission=OUTBOUND
  ingress=(397.9, 554.0, -1812.6) fire_start=(246.9, 554.0, -1759.7) fire_end=(95.8, 554.0, -1706.9) egress=(517.7, 584.0, -1409.5) route_ready=false route_task=573498
================================================================================================
COMBAT PLAN START t=139.34 craft=Aircraft_10_3 type=Aircraft_10 weapon=gun target=DummyTurret_HeliTest_14 target_pos=(-1810.7, 488.0, -987.7) state=LOW_LEVEL_TRANSIT mission=OUTBOUND
  ingress=(-1297.1, 677.0, -1210.9) fire_start=(-1443.8, 677.0, -1147.1) fire_end=(-1590.6, 677.0, -1083.3) egress=(-1482.8, 704.0, -1588.1) route_ready=false route_task=586097
t=111.13 event=ATTACK_RUN_NO_SHOT run_id=3 craft=Aircraft_11_4 type=Aircraft_11 weapon=rocket target=DummyTurret_HeliTest_9 target_id=1316189379497 duration=3.02 exit_reason=left_route_attack_segment last_hold=aim_alignment min_dist=458.5 best_aim_dot=1.0 last_aim_dot=1.0 last_yaw=-2.2 last_pitch=-10.4 best_ccip_miss=? last_ccip_miss=? details="dot=0.983 need=0.996"
================================================================================================
COMBAT PLAN START t=119.44 craft=Aircraft_11_4 type=Aircraft_11 weapon=rocket target=DummyTurret_HeliTest_14 target_pos=(-1810.7, 488.0, -987.7) state=LOW_LEVEL_TRANSIT mission=OUTBOUND
  ingress=(-1110.7, 578.0, -987.7) fire_start=(-1330.7, 692.0, -987.7) fire_end=(-1490.7, 692.0, -987.7) egress=(-1140.7, 610.0, -487.7) route_ready=false route_task=613747
================================================================================================
COMBAT PLAN START t=121.67 craft=Aircraft_11_4 type=Aircraft_11 weapon=rocket target=DummyTurret_HeliTest_14 target_pos=(-1810.7, 488.0, -987.7) state=LOW_LEVEL_TRANSIT mission=OUTBOUND
  ingress=(-1110.7, 578.0, -987.7) fire_start=(-1330.7, 692.0, -987.7) fire_end=(-1490.7, 692.0, -987.7) egress=(-1140.7, 610.0, -487.7) route_ready=false route_task=620077
t=92.27 event=ATTACK_RUN_NO_SHOT run_id=3 craft=Aircraft_9_5 type=Aircraft_9 weapon=gun target=DummyTurret_HeliTest_9 target_id=1316189379497 duration=17.54 exit_reason=corridor_terrain_hazard last_hold=aim_alignment min_dist=256.9 best_aim_dot=0.9 last_aim_dot=0.3 last_yaw=75.8 last_pitch=-3.2 best_ccip_miss=? last_ccip_miss=? details="dot=0.285 need=1.000"
================================================================================================
COMBAT PLAN START t=219.60 craft=Aircraft_11_1 type=Aircraft_11 weapon=rocket target=DummyTurret_HeliTest_35 target_pos=(-1370.7, 485.0, 212.3) state=LOW_LEVEL_TRANSIT mission=OUTBOUND
  ingress=(-1962.2, 572.0, 586.7) fire_start=(-1776.3, 572.0, 469.0) fire_end=(-1641.1, 572.0, 383.5) egress=(-2204.2, 610.0, 148.2) route_ready=false route_task=624458
================================================================================================
COMBAT PLAN START t=123.93 craft=Aircraft_11_4 type=Aircraft_11 weapon=rocket target=DummyTurret_HeliTest_14 target_pos=(-1810.7, 488.0, -987.7) state=LOW_LEVEL_TRANSIT mission=OUTBOUND
  ingress=(-1110.7, 578.0, -987.7) fire_start=(-1330.7, 692.0, -987.7) fire_end=(-1490.7, 692.0, -987.7) egress=(-1140.7, 610.0, -487.7) route_ready=false route_task=626167
================================================================================================
COMBAT PLAN START t=94.22 craft=Aircraft_9_5 type=Aircraft_9 weapon=rocket target=DummyTurret_HeliTest_14 target_pos=(-1810.7, 488.0, -987.7) state=LOW_LEVEL_TRANSIT mission=OUTBOUND
  ingress=(-1110.7, 578.0, -987.7) fire_start=(-1330.7, 692.0, -987.7) fire_end=(-1490.7, 692.0, -987.7) egress=(-1140.7, 610.0, -487.7) route_ready=false route_task=627085
================================================================================================
COMBAT PLAN START t=126.14 craft=Aircraft_11_4 type=Aircraft_11 weapon=rocket target=DummyTurret_HeliTest_14 target_pos=(-1810.7, 488.0, -987.7) state=LOW_LEVEL_TRANSIT mission=OUTBOUND
  ingress=(-1110.7, 578.0, -987.7) fire_start=(-1330.7, 692.0, -987.7) fire_end=(-1490.7, 692.0, -987.7) egress=(-1140.7, 610.0, -487.7) route_ready=false route_task=632356
================================================================================================
COMBAT PLAN START t=14.67 craft=Aircraft_11_7 type=Aircraft_11 weapon=rocket target=DummyTurret_HeliTest_9 target_pos=(-130.7, 479.0, -1627.7) state=LOW_LEVEL_TRANSIT mission=OUTBOUND
  ingress=(433.9, 566.0, -2041.5) fire_start=(256.4, 569.0, -1911.5) fire_end=(127.4, 569.0, -1816.9) egress=(705.3, 601.0, -1620.5) route_ready=false route_task=656357
t=45.21 event=ATTACK_RUN_NO_SHOT run_id=1 craft=Aircraft_10_6 type=Aircraft_10 weapon=gun target=DummyTurret_HeliTest_9 target_id=1316189379497 duration=3.01 exit_reason=left_route_attack_segment last_hold=aim_alignment min_dist=466.5 best_aim_dot=0.8 last_aim_dot=0.8 last_yaw=-35.4 last_pitch=-2.9 best_ccip_miss=? last_ccip_miss=? details="dot=0.816 need=1.000"
================================================================================================
COMBAT PLAN START t=50.41 craft=Aircraft_10_6 type=Aircraft_10 weapon=rocket target=DummyTurret_HeliTest_9 target_pos=(-130.7, 479.0, -1627.7) state=LOW_LEVEL_TRANSIT mission=OUTBOUND
  ingress=(502.9, 569.0, -1330.1) fire_start=(303.8, 566.0, -1423.6) fire_end=(158.9, 566.0, -1491.6) egress=(263.2, 613.0, -890.3) route_ready=false route_task=671942
t=53.52 event=ATTACK_RUN_NO_SHOT run_id=2 craft=Aircraft_10_6 type=Aircraft_10 weapon=rocket target=DummyTurret_HeliTest_9 target_id=1316189379497 duration=3.01 exit_reason=left_route_attack_segment last_hold=aim_alignment min_dist=491.9 best_aim_dot=0.4 last_aim_dot=0.4 last_yaw=-67.0 last_pitch=-3.5 best_ccip_miss=? last_ccip_miss=? details="dot=0.396 need=0.996"
t=241.95 event=ATTACK_RUN_NO_SHOT run_id=7 craft=Aircraft_11_1 type=Aircraft_11 weapon=rocket target=DummyTurret_HeliTest_35 target_id=1323168699066 duration=3.02 exit_reason=left_route_attack_segment last_hold=aim_alignment min_dist=412.7 best_aim_dot=0.7 last_aim_dot=0.7 last_yaw=-44.8 last_pitch=-10.1 best_ccip_miss=? last_ccip_miss=? details="dot=0.705 need=0.996"
================================================================================================
COMBAT PLAN START t=70.06 craft=Aircraft_10_6 type=Aircraft_10 weapon=gun target=DummyTurret_HeliTest_9 target_pos=(-130.7, 479.0, -1627.7) state=LOW_LEVEL_TRANSIT mission=OUTBOUND
  ingress=(44.4, 557.0, -1095.8) fire_start=(-5.6, 554.0, -1247.7) fire_end=(-55.6, 554.0, -1399.7) egress=(-360.8, 587.0, -983.4) route_ready=false route_task=725924
================================================================================================
COMBAT PLAN START t=257.87 craft=Aircraft_11_1 type=Aircraft_11 weapon=rocket target=DummyTurret_HeliTest_35 target_pos=(-1370.7, 485.0, 212.3) state=LOW_LEVEL_TRANSIT mission=OUTBOUND
  ingress=(-2053.7, 575.0, 59.1) fire_start=(-1839.1, 575.0, 107.2) fire_end=(-1682.9, 575.0, 142.3) egress=(-1915.0, 607.0, -422.2) route_ready=false route_task=729812
================================================================================================
COMBAT PLAN START t=15.12 craft=Aircraft_9_8 type=Aircraft_9 weapon=gun target=DummyTurret_HeliTest_9 target_pos=(-130.7, 479.0, -1627.7) state=LOW_LEVEL_TRANSIT mission=OUTBOUND
  ingress=(242.1, 701.0, -2045.6) fire_start=(135.6, 812.0, -1926.2) fire_end=(29.1, 554.0, -1806.8) egress=(542.2, 584.0, -1751.1) route_ready=false route_task=741024
t=281.62 event=ATTACK_RUN_NO_SHOT run_id=8 craft=Aircraft_11_1 type=Aircraft_11 weapon=rocket target=DummyTurret_HeliTest_35 target_id=1323168699066 duration=3.00 exit_reason=left_route_attack_segment last_hold=aim_alignment min_dist=402.7 best_aim_dot=1.0 last_aim_dot=0.9 last_yaw=-15.5 last_pitch=-17.2 best_ccip_miss=? last_ccip_miss=? details="dot=0.922 need=0.996"
t=95.99 event=ATTACK_RUN_NO_SHOT run_id=3 craft=Aircraft_10_6 type=Aircraft_10 weapon=gun target=DummyTurret_HeliTest_9 target_id=1316189379497 duration=3.01 exit_reason=left_route_attack_segment last_hold=aim_alignment min_dist=330.0 best_aim_dot=1.0 last_aim_dot=1.0 last_yaw=8.3 last_pitch=-3.9 best_ccip_miss=? last_ccip_miss=? details="dot=0.988 need=1.000"
t=192.35 event=ATTACK_RUN_NO_SHOT run_id=4 craft=Aircraft_11_4 type=Aircraft_11 weapon=rocket target=DummyTurret_HeliTest_14 target_id=1317531556734 duration=3.01 exit_reason=left_route_attack_segment last_hold=aim_alignment min_dist=281.4 best_aim_dot=0.1 last_aim_dot=0.1 last_yaw=-88.5 last_pitch=-2.5 best_ccip_miss=? last_ccip_miss=? details="dot=0.130 need=0.996"
================================================================================================
COMBAT PLAN START t=72.70 craft=Aircraft_11_7 type=Aircraft_11 weapon=rocket target=DummyTurret_HeliTest_14 target_pos=(-1810.7, 488.0, -987.7) state=LOW_LEVEL_TRANSIT mission=OUTBOUND
  ingress=(-1110.7, 578.0, -987.7) fire_start=(-1330.7, 692.0, -987.7) fire_end=(-1490.7, 692.0, -987.7) egress=(-1140.7, 610.0, -487.7) route_ready=false route_task=815134
================================================================================================
COMBAT PLAN START t=74.91 craft=Aircraft_11_7 type=Aircraft_11 weapon=rocket target=DummyTurret_HeliTest_14 target_pos=(-1810.7, 488.0, -987.7) state=LOW_LEVEL_TRANSIT mission=OUTBOUND
  ingress=(-1110.7, 578.0, -987.7) fire_start=(-1330.7, 692.0, -987.7) fire_end=(-1490.7, 692.0, -987.7) egress=(-1140.7, 610.0, -487.7) route_ready=false route_task=821198
================================================================================================
COMBAT PLAN START t=77.17 craft=Aircraft_11_7 type=Aircraft_11 weapon=rocket target=DummyTurret_HeliTest_14 target_pos=(-1810.7, 488.0, -987.7) state=LOW_LEVEL_TRANSIT mission=OUTBOUND
  ingress=(-1110.7, 578.0, -987.7) fire_start=(-1330.7, 692.0, -987.7) fire_end=(-1490.7, 692.0, -987.7) egress=(-1140.7, 610.0, -487.7) route_ready=false route_task=827430
================================================================================================
COMBAT PLAN START t=110.26 craft=Aircraft_10_6 type=Aircraft_10 weapon=rocket target=DummyTurret_HeliTest_9 target_pos=(-130.7, 479.0, -1627.7) state=LOW_LEVEL_TRANSIT mission=OUTBOUND
  ingress=(-353.5, 572.0, -964.1) fire_start=(-283.5, 569.0, -1172.7) fire_end=(-232.6, 569.0, -1324.3) egress=(-818.0, 610.0, -1151.7) route_ready=false route_task=836124
================================================================================================
COMBAT PLAN START t=301.31 craft=Aircraft_11_1 type=Aircraft_11 weapon=rocket target=DummyTurret_HeliTest_14 target_pos=(-1810.7, 488.0, -987.7) state=LOW_LEVEL_TRANSIT mission=OUTBOUND
  ingress=(-1841.4, 572.0, -288.4) fire_start=(-1831.8, 575.0, -508.1) fire_end=(-1824.7, 575.0, -668.0) egress=(-2339.6, 610.0, -340.3) route_ready=false route_task=849034
================================================================================================
COMBAT PLAN START t=94.66 craft=Aircraft_11_7 type=Aircraft_11 weapon=rocket target=DummyTurret_HeliTest_14 target_pos=(-1810.7, 488.0, -987.7) state=LOW_LEVEL_TRANSIT mission=OUTBOUND
  ingress=(-1110.7, 578.0, -987.7) fire_start=(-1330.7, 692.0, -987.7) fire_end=(-1490.7, 692.0, -987.7) egress=(-1140.7, 610.0, -487.7) route_ready=false route_task=875335
================================================================================================
COMBAT PLAN START t=97.13 craft=Aircraft_11_7 type=Aircraft_11 weapon=rocket target=DummyTurret_HeliTest_14 target_pos=(-1810.7, 488.0, -987.7) state=LOW_LEVEL_TRANSIT mission=OUTBOUND
  ingress=(-1110.7, 578.0, -987.7) fire_start=(-1330.7, 692.0, -987.7) fire_end=(-1490.7, 692.0, -987.7) egress=(-1140.7, 610.0, -487.7) route_ready=false route_task=882219
================================================================================================
COMBAT PLAN START t=217.73 craft=Aircraft_11_4 type=Aircraft_11 weapon=rocket target=DummyTurret_HeliTest_35 target_pos=(-1370.7, 485.0, 212.3) state=LOW_LEVEL_TRANSIT mission=OUTBOUND
  ingress=(-1286.3, 575.0, -482.6) fire_start=(-1312.8, 575.0, -264.2) fire_end=(-1332.1, 575.0, -105.4) egress=(-793.6, 610.0, -392.5) route_ready=false route_task=883410
t=132.81 event=ATTACK_RUN_NO_SHOT run_id=4 craft=Aircraft_10_6 type=Aircraft_10 weapon=rocket target=DummyTurret_HeliTest_9 target_id=1316189379497 duration=3.80 exit_reason=left_route_attack_segment last_hold=aim_alignment min_dist=402.4 best_aim_dot=1.0 last_aim_dot=0.8 last_yaw=-39.1 last_pitch=-15.4 best_ccip_miss=? last_ccip_miss=? details="dot=0.753 need=0.996"
t=226.10 event=ATTACK_RUN_NO_SHOT run_id=5 craft=Aircraft_11_4 type=Aircraft_11 weapon=rocket target=DummyTurret_HeliTest_35 target_id=1323168699066 duration=3.00 exit_reason=left_route_attack_segment last_hold=aim_alignment min_dist=433.6 best_aim_dot=1.0 last_aim_dot=0.7 last_yaw=-48.2 last_pitch=-8.3 best_ccip_miss=? last_ccip_miss=? details="dot=0.667 need=0.996"
t=329.27 event=ATTACK_RUN_NO_SHOT run_id=9 craft=Aircraft_11_1 type=Aircraft_11 weapon=rocket target=DummyTurret_HeliTest_14 target_id=1317531556734 duration=3.01 exit_reason=left_route_attack_segment last_hold=aim_alignment min_dist=191.6 best_aim_dot=-0.4 last_aim_dot=-0.4 last_yaw=-112.0 last_pitch=-0.7 best_ccip_miss=? last_ccip_miss=? details="dot=-0.352 need=0.996"
================================================================================================
COMBAT PLAN START t=143.71 craft=Aircraft_10_6 type=Aircraft_10 weapon=gun target=DummyTurret_HeliTest_9 target_pos=(-130.7, 479.0, -1627.7) state=LOW_LEVEL_TRANSIT mission=OUTBOUND
  ingress=(-550.3, 557.0, -1256.8) fire_start=(-430.4, 557.0, -1362.8) fire_end=(-310.5, 557.0, -1468.7) egress=(-813.5, 845.0, -1584.8) route_ready=false route_task=928460
================================================================================================
COMBAT PLAN START t=145.91 craft=Aircraft_10_6 type=Aircraft_10 weapon=rocket target=DummyTurret_HeliTest_14 target_pos=(-1810.7, 488.0, -987.7) state=LOW_LEVEL_TRANSIT mission=OUTBOUND
  ingress=(-1138.9, 578.0, -1184.2) fire_start=(-1350.0, 692.0, -1122.5) fire_end=(-1503.6, 692.0, -1077.5) egress=(-1027.3, 610.0, -695.9) route_ready=false route_task=934566
================================================================================================
COMBAT PLAN START t=248.85 craft=Aircraft_11_4 type=Aircraft_11 weapon=rocket target=DummyTurret_HeliTest_35 target_pos=(-1370.7, 485.0, 212.3) state=LOW_LEVEL_TRANSIT mission=OUTBOUND
  ingress=(-854.5, 575.0, -260.4) fire_start=(-1016.7, 578.0, -111.9) fire_end=(-1134.7, 578.0, -3.8) egress=(-538.9, 613.0, 128.6) route_ready=false route_task=970192
================================================================================================
COMBAT PLAN START t=348.95 craft=Aircraft_11_1 type=Aircraft_11 weapon=rocket target=DummyTurret_HeliTest_14 target_pos=(-1810.7, 488.0, -987.7) state=LOW_LEVEL_TRANSIT mission=OUTBOUND
  ingress=(-2273.4, 575.0, -462.4) fire_start=(-2127.9, 575.0, -627.5) fire_end=(-2022.2, 578.0, -747.5) egress=(-2628.7, 610.0, -815.4) route_ready=false route_task=981042
t=265.63 event=ATTACK_RUN_NO_SHOT run_id=6 craft=Aircraft_11_4 type=Aircraft_11 weapon=rocket target=DummyTurret_HeliTest_35 target_id=1323168699066 duration=3.01 exit_reason=left_route_attack_segment last_hold=aim_alignment min_dist=377.6 best_aim_dot=1.0 last_aim_dot=1.0 last_yaw=14.2 last_pitch=-10.0 best_ccip_miss=? last_ccip_miss=? details="dot=0.956 need=0.996"
t=370.09 event=ATTACK_RUN_NO_SHOT run_id=10 craft=Aircraft_11_1 type=Aircraft_11 weapon=rocket target=DummyTurret_HeliTest_14 target_id=1317531556734 duration=3.01 exit_reason=left_route_attack_segment last_hold=aim_alignment min_dist=455.5 best_aim_dot=1.0 last_aim_dot=1.0 last_yaw=6.2 last_pitch=-1.4 best_ccip_miss=58.3 last_ccip_miss=58.3 details="dot=0.994 need=0.996"
t=137.47 event=ATTACK_RUN_NO_SHOT run_id=1 craft=Aircraft_9_8 type=Aircraft_9 weapon=gun target=DummyTurret_HeliTest_9 target_id=1316189379497 duration=3.01 exit_reason=left_route_attack_segment last_hold=aim_alignment min_dist=425.1 best_aim_dot=0.7 last_aim_dot=0.7 last_yaw=-49.4 last_pitch=-2.5 best_ccip_miss=? last_ccip_miss=? details="dot=0.673 need=1.000"
================================================================================================
COMBAT PLAN START t=386.21 craft=Aircraft_11_1 type=Aircraft_11 weapon=rocket target=DummyTurret_HeliTest_14 target_pos=(-1810.7, 488.0, -987.7) state=LOW_LEVEL_TRANSIT mission=OUTBOUND
  ingress=(-2495.9, 575.0, -844.4) fire_start=(-2280.5, 578.0, -889.4) fire_end=(-2123.9, 578.0, -922.2) egress=(-2568.9, 727.0, -1339.9) route_ready=false route_task=1084189
================================================================================================
COMBAT PLAN START t=305.62 craft=Aircraft_11_4 type=Aircraft_11 weapon=rocket target=DummyTurret_HeliTest_35 target_pos=(-1370.7, 485.0, 212.3) state=LOW_LEVEL_TRANSIT mission=OUTBOUND
  ingress=(-682.5, 578.0, 84.2) fire_start=(-898.8, 578.0, 124.5) fire_end=(-1056.1, 578.0, 153.8) egress=(-620.5, 610.0, 581.3) route_ready=false route_task=1127836
t=408.93 event=ATTACK_RUN_NO_SHOT run_id=11 craft=Aircraft_11_1 type=Aircraft_11 weapon=rocket target=DummyTurret_HeliTest_14 target_id=1317531556734 duration=3.01 exit_reason=left_route_attack_segment last_hold=aim_alignment min_dist=456.1 best_aim_dot=1.0 last_aim_dot=1.0 last_yaw=-1.5 last_pitch=-5.7 best_ccip_miss=? last_ccip_miss=? details="dot=0.995 need=0.996"
t=325.21 event=ATTACK_RUN_NO_SHOT run_id=7 craft=Aircraft_11_4 type=Aircraft_11 weapon=rocket target=DummyTurret_HeliTest_35 target_id=1323168699066 duration=3.00 exit_reason=left_route_attack_segment last_hold=aim_alignment min_dist=397.6 best_aim_dot=1.0 last_aim_dot=1.0 last_yaw=-7.5 last_pitch=-5.2 best_ccip_miss=? last_ccip_miss=? details="dot=0.988 need=0.996"
================================================================================================
COMBAT PLAN START t=428.18 craft=Aircraft_11_1 type=Aircraft_11 weapon=rocket target=DummyTurret_HeliTest_14 target_pos=(-1810.7, 488.0, -987.7) state=LOW_LEVEL_TRANSIT mission=OUTBOUND
  ingress=(-1972.2, 581.0, -1668.8) fire_start=(-1921.5, 581.0, -1454.7) fire_end=(-1884.5, 581.0, -1299.1) egress=(-1478.8, 619.0, -1755.0) route_ready=false route_task=1200552
================================================================================================
COMBAT PLAN START t=430.47 craft=Aircraft_11_1 type=Aircraft_11 weapon=rocket target=DummyTurret_HeliTest_14 target_pos=(-1810.7, 488.0, -987.7) state=LOW_LEVEL_TRANSIT mission=OUTBOUND
  ingress=(-1939.6, 581.0, -1675.7) fire_start=(-1899.1, 581.0, -1459.5) fire_end=(-1869.6, 581.0, -1302.2) egress=(-1442.6, 724.0, -1738.3) route_ready=false route_task=1206768
================================================================================================
COMBAT PLAN START t=14.45 craft=Aircraft_10_9 type=Aircraft_10 weapon=gun target=DummyTurret_HeliTest_73 target_pos=(-1250.7, 482.0, -4747.7) state=LOW_LEVEL_TRANSIT mission=OUTBOUND
  ingress=(-713.2, 551.0, -4590.6) fire_start=(-866.8, 554.0, -4635.5) fire_end=(-1020.3, 554.0, -4680.4) egress=(-850.2, 584.0, -4193.1) route_ready=false route_task=1236495
================================================================================================
COMBAT PLAN START t=347.04 craft=Aircraft_11_4 type=Aircraft_11 weapon=rocket target=DummyTurret_HeliTest_35 target_pos=(-1370.7, 485.0, 212.3) state=LOW_LEVEL_TRANSIT mission=OUTBOUND
  ingress=(-763.1, 575.0, 559.9) fire_start=(-954.1, 578.0, 450.7) fire_end=(-1092.9, 578.0, 371.2) egress=(-1037.4, 607.0, 979.0) route_ready=false route_task=1242443
================================================================================================
COMBAT PLAN START t=233.90 craft=Aircraft_11_7 type=Aircraft_11 weapon=rocket target=DummyTurret_HeliTest_9 target_pos=(-130.7, 479.0, -1627.7) state=LOW_LEVEL_TRANSIT mission=OUTBOUND
  ingress=(-815.3, 578.0, -1481.7) fire_start=(-600.1, 575.0, -1527.6) fire_end=(-443.7, 572.0, -1561.0) egress=(-681.7, 610.0, -999.0) route_ready=false route_task=1261701
================================================================================================
COMBAT PLAN START t=236.08 craft=Aircraft_11_7 type=Aircraft_11 weapon=rocket target=DummyTurret_HeliTest_9 target_pos=(-130.7, 479.0, -1627.7) state=LOW_LEVEL_TRANSIT mission=OUTBOUND
  ingress=(-819.5, 581.0, -1502.8) fire_start=(-603.0, 575.0, -1542.0) fire_end=(-445.6, 572.0, -1570.6) egress=(-700.7, 610.0, -1016.2) route_ready=false route_task=1267838
t=367.14 event=ATTACK_RUN_NO_SHOT run_id=8 craft=Aircraft_11_4 type=Aircraft_11 weapon=rocket target=DummyTurret_HeliTest_35 target_id=1323168699066 duration=3.03 exit_reason=left_route_attack_segment last_hold=aim_alignment min_dist=401.6 best_aim_dot=1.0 last_aim_dot=1.0 last_yaw=12.9 last_pitch=-2.9 best_ccip_miss=? last_ccip_miss=? details="dot=0.974 need=0.996"
================================================================================================
COMBAT PLAN START t=266.86 craft=Aircraft_11_7 type=Aircraft_11 weapon=rocket target=DummyTurret_HeliTest_14 target_pos=(-1810.7, 488.0, -987.7) state=LOW_LEVEL_TRANSIT mission=OUTBOUND
  ingress=(-1110.7, 578.0, -987.7) fire_start=(-1330.7, 692.0, -987.7) fire_end=(-1490.7, 692.0, -987.7) egress=(-1140.7, 610.0, -487.7) route_ready=false route_task=1353222
================================================================================================
COMBAT PLAN START t=269.10 craft=Aircraft_11_7 type=Aircraft_11 weapon=rocket target=DummyTurret_HeliTest_14 target_pos=(-1810.7, 488.0, -987.7) state=LOW_LEVEL_TRANSIT mission=OUTBOUND
  ingress=(-1110.7, 578.0, -987.7) fire_start=(-1330.7, 692.0, -987.7) fire_end=(-1490.7, 692.0, -987.7) egress=(-1140.7, 610.0, -487.7) route_ready=false route_task=1359514
================================================================================================
COMBAT PLAN START t=389.52 craft=Aircraft_11_4 type=Aircraft_11 weapon=rocket target=DummyTurret_HeliTest_35 target_pos=(-1370.7, 485.0, 212.3) state=LOW_LEVEL_TRANSIT mission=OUTBOUND
  ingress=(-1121.8, 572.0, 866.6) fire_start=(-1200.1, 578.0, 661.0) fire_end=(-1256.9, 578.0, 511.4) egress=(-1599.9, 604.0, 1016.3) route_ready=false route_task=1360259
================================================================================================
COMBAT PLAN START t=309.00 craft=Aircraft_10_6 type=Aircraft_10 weapon=gun target=DummyTurret_HeliTest_14 target_pos=(-1810.7, 488.0, -987.7) state=LOW_LEVEL_TRANSIT mission=OUTBOUND
  ingress=(-1628.3, 569.0, -1517.1) fire_start=(-1680.4, 677.0, -1365.9) fire_end=(-1732.5, 674.0, -1214.6) egress=(-1237.7, 707.0, -1361.4) route_ready=false route_task=1386538
t=410.70 event=ATTACK_RUN_NO_SHOT run_id=9 craft=Aircraft_11_4 type=Aircraft_11 weapon=rocket target=DummyTurret_HeliTest_35 target_id=1323168699066 duration=3.00 exit_reason=left_route_attack_segment last_hold=aim_alignment min_dist=422.4 best_aim_dot=1.0 last_aim_dot=0.9 last_yaw=21.2 last_pitch=-2.2 best_ccip_miss=34.8 last_ccip_miss=34.8 details="dot=0.933 need=0.996"
t=86.41 event=ATTACK_RUN_NO_SHOT run_id=1 craft=Aircraft_10_9 type=Aircraft_10 weapon=gun target=DummyTurret_HeliTest_73 target_id=1333369248276 duration=3.01 exit_reason=left_route_attack_segment last_hold=aim_alignment min_dist=350.9 best_aim_dot=1.0 last_aim_dot=1.0 last_yaw=17.1 last_pitch=-3.3 best_ccip_miss=? last_ccip_miss=? details="dot=0.955 need=1.000"
================================================================================================
COMBAT PLAN START t=425.65 craft=Aircraft_11_4 type=Aircraft_11 weapon=rocket target=DummyTurret_HeliTest_35 target_pos=(-1370.7, 485.0, 212.3) state=LOW_LEVEL_TRANSIT mission=OUTBOUND
  ingress=(-1631.7, 572.0, 861.8) fire_start=(-1549.7, 572.0, 657.7) fire_end=(-1490.0, 572.0, 509.2) egress=(-2084.5, 607.0, 647.5) route_ready=false route_task=1458398
================================================================================================
COMBAT PLAN START t=14.60 craft=Aircraft_11_10 type=Aircraft_11 weapon=rocket target=DummyTurret_HeliTest_73 target_pos=(-1250.7, 482.0, -4747.7) state=LOW_LEVEL_TRANSIT mission=OUTBOUND
  ingress=(-755.7, 566.0, -4252.7) fire_start=(-911.3, 569.0, -4408.3) fire_end=(-1024.4, 569.0, -4521.4) egress=(-1130.5, 604.0, -3920.4) route_ready=false route_task=1484620
================================================================================================
COMBAT PLAN START t=109.53 craft=Aircraft_10_9 type=Aircraft_10 weapon=rocket target=DummyTurret_HeliTest_73 target_pos=(-1250.7, 482.0, -4747.7) state=LOW_LEVEL_TRANSIT mission=OUTBOUND
  ingress=(-848.3, 569.0, -4174.9) fire_start=(-974.8, 569.0, -4354.9) fire_end=(-1066.8, 569.0, -4485.8) egress=(-1274.7, 604.0, -3912.0) route_ready=false route_task=1498370
t=449.74 event=ATTACK_RUN_NO_SHOT run_id=10 craft=Aircraft_11_4 type=Aircraft_11 weapon=rocket target=DummyTurret_HeliTest_35 target_id=1323168699066 duration=3.00 exit_reason=left_route_attack_segment last_hold=aim_alignment min_dist=374.0 best_aim_dot=1.0 last_aim_dot=0.9 last_yaw=-31.3 last_pitch=-7.2 best_ccip_miss=? last_ccip_miss=? details="dot=0.851 need=0.996"
t=133.50 event=ATTACK_RUN_NO_SHOT run_id=2 craft=Aircraft_10_9 type=Aircraft_10 weapon=rocket target=DummyTurret_HeliTest_73 target_id=1333369248276 duration=3.00 exit_reason=left_route_attack_segment last_hold=aim_alignment min_dist=309.9 best_aim_dot=1.0 last_aim_dot=0.9 last_yaw=25.0 last_pitch=3.6 best_ccip_miss=? last_ccip_miss=? details="dot=0.908 need=0.996"
================================================================================================
COMBAT PLAN START t=562.51 craft=Aircraft_11_1 type=Aircraft_11 weapon=rocket target=DummyTurret_HeliTest_14 target_pos=(-1810.7, 488.0, -987.7) state=LOW_LEVEL_TRANSIT mission=OUTBOUND
  ingress=(-2305.7, 689.0, -1482.7) fire_start=(-2150.1, 578.0, -1327.1) fire_end=(-2037.0, 578.0, -1214.0) egress=(-1930.9, 616.0, -1815.0) route_ready=false route_task=1570926
================================================================================================
COMBAT PLAN START t=15.72 craft=Aircraft_9_11 type=Aircraft_9 weapon=rocket target=DummyTurret_HeliTest_73 target_pos=(-1250.7, 482.0, -4747.7) state=LOW_LEVEL_TRANSIT mission=OUTBOUND
  ingress=(-755.7, 578.0, -5242.7) fire_start=(-911.3, 575.0, -5087.1) fire_end=(-1024.4, 572.0, -4974.0) egress=(-423.4, 904.0, -4867.9) route_ready=false route_task=1571196
================================================================================================
COMBAT PLAN START t=564.79 craft=Aircraft_11_1 type=Aircraft_11 weapon=rocket target=DummyTurret_HeliTest_14 target_pos=(-1810.7, 488.0, -987.7) state=LOW_LEVEL_TRANSIT mission=OUTBOUND
  ingress=(-2198.7, 650.0, -1570.3) fire_start=(-2076.7, 578.0, -1387.2) fire_end=(-1988.1, 578.0, -1254.0) egress=(-1765.9, 613.0, -1822.5) route_ready=false route_task=1577030
================================================================================================
COMBAT PLAN START t=468.54 craft=Aircraft_11_4 type=Aircraft_11 weapon=rocket target=DummyTurret_HeliTest_35 target_pos=(-1370.7, 485.0, 212.3) state=LOW_LEVEL_TRANSIT mission=OUTBOUND
  ingress=(-1996.6, 575.0, 525.7) fire_start=(-1799.9, 572.0, 427.2) fire_end=(-1656.8, 572.0, 355.6) egress=(-2193.7, 610.0, 65.2) route_ready=false route_task=1577075
================================================================================================
COMBAT PLAN START t=156.24 craft=Aircraft_10_9 type=Aircraft_10 weapon=gun target=DummyTurret_HeliTest_73 target_pos=(-1250.7, 482.0, -4747.7) state=LOW_LEVEL_TRANSIT mission=OUTBOUND
  ingress=(-1313.5, 557.0, -4191.2) fire_start=(-1295.5, 557.0, -4350.2) fire_end=(-1277.6, 557.0, -4509.2) egress=(-1728.6, 587.0, -4258.2) route_ready=false route_task=1627065
t=491.43 event=ATTACK_RUN_NO_SHOT run_id=11 craft=Aircraft_11_4 type=Aircraft_11 weapon=rocket target=DummyTurret_HeliTest_35 target_id=1323168699066 duration=3.01 exit_reason=left_route_attack_segment last_hold=aim_alignment min_dist=439.3 best_aim_dot=1.0 last_aim_dot=1.0 last_yaw=15.4 last_pitch=-7.8 best_ccip_miss=32.5 last_ccip_miss=32.5 details="dot=0.957 need=0.996"
================================================================================================
COMBAT PLAN START t=509.96 craft=Aircraft_11_4 type=Aircraft_11 weapon=rocket target=DummyTurret_HeliTest_35 target_pos=(-1370.7, 485.0, 212.3) state=LOW_LEVEL_TRANSIT mission=OUTBOUND
  ingress=(-2060.1, 575.0, 90.9) fire_start=(-1843.4, 575.0, 129.0) fire_end=(-1685.8, 575.0, 156.8) egress=(-1943.8, 607.0, -396.4) route_ready=false route_task=1691630
t=180.08 event=ATTACK_RUN_NO_SHOT run_id=3 craft=Aircraft_10_9 type=Aircraft_10 weapon=gun target=DummyTurret_HeliTest_73 target_id=1333369248276 duration=3.00 exit_reason=left_route_attack_segment last_hold=aim_alignment min_dist=329.4 best_aim_dot=1.0 last_aim_dot=1.0 last_yaw=1.9 last_pitch=-3.5 best_ccip_miss=? last_ccip_miss=? details="dot=0.998 need=1.000"
t=95.50 event=ATTACK_RUN_NO_SHOT run_id=1 craft=Aircraft_11_10 type=Aircraft_11 weapon=rocket target=DummyTurret_HeliTest_73 target_id=1333369248276 duration=3.08 exit_reason=left_route_attack_segment last_hold=aim_alignment min_dist=445.5 best_aim_dot=1.0 last_aim_dot=1.0 last_yaw=-8.4 last_pitch=-2.2 best_ccip_miss=33.1 last_ccip_miss=33.1 details="dot=0.989 need=0.996"
================================================================================================
COMBAT PLAN START t=193.83 craft=Aircraft_10_9 type=Aircraft_10 weapon=rocket target=DummyTurret_HeliTest_73 target_pos=(-1250.7, 482.0, -4747.7) state=LOW_LEVEL_TRANSIT mission=OUTBOUND
  ingress=(-1755.7, 572.0, -4262.9) fire_start=(-1597.0, 572.0, -4415.3) fire_end=(-1481.5, 572.0, -4526.1) egress=(-2080.3, 727.0, -4644.4) route_ready=false route_task=1730942
t=196.99 event=ATTACK_RUN_NO_SHOT run_id=4 craft=Aircraft_10_9 type=Aircraft_10 weapon=rocket target=DummyTurret_HeliTest_73 target_id=1333369248276 duration=3.00 exit_reason=left_route_attack_segment last_hold=aim_alignment min_dist=547.1 best_aim_dot=0.6 last_aim_dot=0.6 last_yaw=52.6 last_pitch=2.4 best_ccip_miss=? last_ccip_miss=? details="dot=0.609 need=0.996"
================================================================================================
COMBAT PLAN START t=109.96 craft=Aircraft_11_10 type=Aircraft_11 weapon=rocket target=DummyTurret_HeliTest_73 target_pos=(-1250.7, 482.0, -4747.7) state=LOW_LEVEL_TRANSIT mission=OUTBOUND
  ingress=(-1166.1, 569.0, -4052.8) fire_start=(-1192.7, 572.0, -4271.2) fire_end=(-1212.0, 572.0, -4430.0) egress=(-1666.1, 604.0, -4022.2) route_ready=false route_task=1748025
t=539.82 event=ATTACK_RUN_NO_SHOT run_id=12 craft=Aircraft_11_4 type=Aircraft_11 weapon=rocket target=DummyTurret_HeliTest_35 target_id=1323168699066 duration=3.00 exit_reason=left_route_attack_segment last_hold=aim_alignment min_dist=444.5 best_aim_dot=1.0 last_aim_dot=0.9 last_yaw=-27.1 last_pitch=-4.5 best_ccip_miss=? last_ccip_miss=? details="dot=0.890 need=0.996"
t=128.88 event=ATTACK_RUN_NO_SHOT run_id=2 craft=Aircraft_11_10 type=Aircraft_11 weapon=rocket target=DummyTurret_HeliTest_73 target_id=1333369248276 duration=3.00 exit_reason=left_route_attack_segment last_hold=aim_alignment min_dist=421.5 best_aim_dot=1.0 last_aim_dot=1.0 last_yaw=-5.5 last_pitch=-3.2 best_ccip_miss=34.0 last_ccip_miss=34.0 details="dot=0.994 need=0.996"
t=101.56 event=ATTACK_RUN_NO_SHOT run_id=1 craft=Aircraft_9_11 type=Aircraft_9 weapon=rocket target=DummyTurret_HeliTest_73 target_id=1333369248276 duration=3.02 exit_reason=left_route_attack_segment last_hold=aim_alignment min_dist=462.8 best_aim_dot=1.0 last_aim_dot=0.4 last_yaw=-64.4 last_pitch=-5.0 best_ccip_miss=? last_ccip_miss=? details="dot=0.435 need=0.996"
================================================================================================
COMBAT PLAN START t=559.04 craft=Aircraft_11_4 type=Aircraft_11 weapon=rocket target=DummyTurret_HeliTest_14 target_pos=(-1810.7, 488.0, -987.7) state=LOW_LEVEL_TRANSIT mission=OUTBOUND
  ingress=(-1892.9, 572.0, -292.5) fire_start=(-1867.0, 575.0, -511.0) fire_end=(-1848.3, 575.0, -669.9) egress=(-2385.9, 610.0, -381.0) route_ready=false route_task=1827712
================================================================================================
COMBAT PLAN START t=111.27 craft=Aircraft_9_11 type=Aircraft_9 weapon=gun target=DummyTurret_HeliTest_73 target_pos=(-1250.7, 482.0, -4747.7) state=LOW_LEVEL_TRANSIT mission=OUTBOUND
  ingress=(-692.3, 554.0, -4705.1) fire_start=(-851.9, 554.0, -4717.3) fire_end=(-1011.4, 554.0, -4729.4) egress=(-744.2, 581.0, -4287.8) route_ready=false route_task=1835720
