HELI NAVIGATION REPORT START t=19.2 routes=8 center=(25520.0, 482.0, -28080.0)
SETUP route=1 carrier=(25520.0, 482.0, -28080.0) LZ=(30220.0, 485.0, -28080.0) distance=4700m terrain_delta_y=3m
SETUP route=2 carrier=(25520.0, 482.0, -28080.0) LZ=(27620.0, 482.0, -24443.0) distance=4200m terrain_delta_y=0m
SETUP route=3 carrier=(25520.0, 482.0, -28080.0) LZ=(25520.0, 482.0, -22980.0) distance=5100m terrain_delta_y=0m
SETUP route=4 carrier=(25520.0, 482.0, -28080.0) LZ=(21834.0, 485.0, -24702.0) distance=5000m terrain_delta_y=3m
SETUP route=5 carrier=(25520.0, 482.0, -28080.0) LZ=(19825.0, 482.0, -28329.0) distance=5700m terrain_delta_y=0m
SETUP route=6 carrier=(25520.0, 482.0, -28080.0) LZ=(21686.0, 479.0, -31593.0) distance=5200m terrain_delta_y=-3m
SETUP route=7 carrier=(25520.0, 482.0, -28080.0) LZ=(23365.0, 485.0, -32702.0) distance=5100m terrain_delta_y=3m
SETUP route=8 carrier=(25520.0, 482.0, -28080.0) LZ=(30050.0, 482.0, -28879.0) distance=4600m terrain_delta_y=0m
t=19.2 IDLE_TUNER_REFILL gen=0 results=0/64 remaining=64 active_nav=0 stored_before=0 queued=8 stored_after=8 retrieval_started=true state=RETRIEVING_FROM_HANGAR next_trial=1
t=19.2 LAUNCH_BLOCKED reason=waiting_no_active_grace active=0 stored=8 no_active_s=0.0 state=RETRIEVING_FROM_HANGAR tractor_cleanup=false elevator_transfer=false deck=none pending=none clearance=none queue=0
t=34.9 LAUNCH_BLOCKED reason=deck_busy active=1 stored=7 no_active_s=0.0 state=AIRCRAFT_ON_DECK tractor_cleanup=false elevator_transfer=false deck=Aircraft_10_nav_r1_1 pending=none clearance=none queue=0
t=35.1 SPAWN craft=Aircraft_10_nav_r1_1 route=1 candidate=1 trial=1 t=35.1
t=49.8 ==== SUMMARY t=49.8 ====
t=49.8 route=1 laps=0 crashes=0 avg_out=0.0s avg_ret=0.0s avg_lap=0.0s best_lap=-
t=49.9 route=2 laps=0 crashes=0 avg_out=0.0s avg_ret=0.0s avg_lap=0.0s best_lap=-
t=49.9 route=3 laps=0 crashes=0 avg_out=0.0s avg_ret=0.0s avg_lap=0.0s best_lap=-
t=49.9 route=4 laps=0 crashes=0 avg_out=0.0s avg_ret=0.0s avg_lap=0.0s best_lap=-
t=49.9 route=5 laps=0 crashes=0 avg_out=0.0s avg_ret=0.0s avg_lap=0.0s best_lap=-
t=49.9 route=6 laps=0 crashes=0 avg_out=0.0s avg_ret=0.0s avg_lap=0.0s best_lap=-
t=49.9 route=7 laps=0 crashes=0 avg_out=0.0s avg_ret=0.0s avg_lap=0.0s best_lap=-
t=49.9 route=8 laps=0 crashes=0 avg_out=0.0s avg_ret=0.0s avg_lap=0.0s best_lap=-
t=49.9 TOTAL laps=0 crashes=0
t=49.9 TUNER gen=0 results=0/64 pending=2 active=2 remaining=64 next_trial=3 rounds=[1,1,0,0,0,0,0,0]
t=49.9 LAUNCH_BLOCKED reason=deck_busy active=2 stored=6 no_active_s=0.0 state=AIRCRAFT_ON_DECK tractor_cleanup=false elevator_transfer=true deck=Aircraft_10_nav_r2_2 pending=none clearance=none queue=0
t=55.2 SPAWN craft=Aircraft_10_nav_r2_2 route=2 candidate=2 trial=2 t=55.2
t=65.0 LAUNCH_BLOCKED reason=deck_busy active=3 stored=5 no_active_s=0.0 state=RETRIEVING_FROM_HANGAR tractor_cleanup=false elevator_transfer=false deck=Aircraft_10_nav_r3_3 pending=none clearance=none queue=0
t=75.3 SPAWN craft=Aircraft_10_nav_r3_3 route=3 candidate=3 trial=3 t=75.3
t=79.9 ==== SUMMARY t=79.9 ====
t=79.9 route=1 laps=0 crashes=0 avg_out=0.0s avg_ret=0.0s avg_lap=0.0s best_lap=-
t=80.0 route=2 laps=0 crashes=0 avg_out=0.0s avg_ret=0.0s avg_lap=0.0s best_lap=-
t=80.0 route=3 laps=0 crashes=0 avg_out=0.0s avg_ret=0.0s avg_lap=0.0s best_lap=-
t=80.0 route=4 laps=0 crashes=0 avg_out=0.0s avg_ret=0.0s avg_lap=0.0s best_lap=-
t=80.0 route=5 laps=0 crashes=0 avg_out=0.0s avg_ret=0.0s avg_lap=0.0s best_lap=-
t=80.0 route=6 laps=0 crashes=0 avg_out=0.0s avg_ret=0.0s avg_lap=0.0s best_lap=-
t=80.0 route=7 laps=0 crashes=0 avg_out=0.0s avg_ret=0.0s avg_lap=0.0s best_lap=-
t=80.0 route=8 laps=0 crashes=0 avg_out=0.0s avg_ret=0.0s avg_lap=0.0s best_lap=-
t=80.0 TOTAL laps=0 crashes=0
t=80.0 TUNER gen=0 results=0/64 pending=3 active=3 remaining=64 next_trial=4 rounds=[1,1,1,0,0,0,0,0]
t=80.1 LAUNCH_BLOCKED reason=cleared_unready_nav_deck_aircraft active=3 stored=5 no_active_s=0.0 state=IDLE tractor_cleanup=false elevator_transfer=false deck=Aircraft_10_nav_r3_3 pending=none clearance=none queue=0
t=95.2 LAUNCH_BLOCKED reason=deck_busy active=4 stored=4 no_active_s=0.0 state=AIRCRAFT_ON_DECK tractor_cleanup=false elevator_transfer=false deck=Aircraft_10_nav_r4_4 pending=none clearance=none queue=0
t=95.4 SPAWN craft=Aircraft_10_nav_r4_4 route=4 candidate=4 trial=4 t=95.4
t=110.0 ==== SUMMARY t=110.0 ====
t=110.0 route=1 laps=0 crashes=0 avg_out=0.0s avg_ret=0.0s avg_lap=0.0s best_lap=-
t=110.0 route=2 laps=0 crashes=0 avg_out=0.0s avg_ret=0.0s avg_lap=0.0s best_lap=-
t=110.0 route=3 laps=0 crashes=0 avg_out=0.0s avg_ret=0.0s avg_lap=0.0s best_lap=-
t=110.0 route=4 laps=0 crashes=0 avg_out=0.0s avg_ret=0.0s avg_lap=0.0s best_lap=-
t=110.0 route=5 laps=0 crashes=0 avg_out=0.0s avg_ret=0.0s avg_lap=0.0s best_lap=-
t=110.0 route=6 laps=0 crashes=0 avg_out=0.0s avg_ret=0.0s avg_lap=0.0s best_lap=-
t=110.0 route=7 laps=0 crashes=0 avg_out=0.0s avg_ret=0.0s avg_lap=0.0s best_lap=-
t=110.1 route=8 laps=0 crashes=0 avg_out=0.0s avg_ret=0.0s avg_lap=0.0s best_lap=-
t=110.1 TOTAL laps=0 crashes=0
t=110.1 TUNER gen=0 results=0/64 pending=5 active=5 remaining=64 next_trial=6 rounds=[1,1,1,1,1,0,0,0]
t=110.3 LAUNCH_BLOCKED reason=deck_busy active=5 stored=3 no_active_s=0.0 state=AIRCRAFT_ON_DECK tractor_cleanup=false elevator_transfer=true deck=Aircraft_10_nav_r5_5 pending=none clearance=none queue=0
t=115.5 SPAWN craft=Aircraft_10_nav_r5_5 route=5 candidate=5 trial=5 t=115.5
t=125.4 LAUNCH_BLOCKED reason=deck_busy active=6 stored=2 no_active_s=0.0 state=RETRIEVING_FROM_HANGAR tractor_cleanup=false elevator_transfer=false deck=Aircraft_10_nav_r6_6 pending=none clearance=none queue=0
t=135.6 SPAWN craft=Aircraft_10_nav_r6_6 route=6 candidate=6 trial=6 t=135.6
t=140.1 ==== SUMMARY t=140.1 ====
t=140.1 route=1 laps=0 crashes=0 avg_out=0.0s avg_ret=0.0s avg_lap=0.0s best_lap=-
t=140.1 route=2 laps=0 crashes=0 avg_out=0.0s avg_ret=0.0s avg_lap=0.0s best_lap=-
t=140.1 route=3 laps=0 crashes=0 avg_out=0.0s avg_ret=0.0s avg_lap=0.0s best_lap=-
t=140.1 route=4 laps=0 crashes=0 avg_out=0.0s avg_ret=0.0s avg_lap=0.0s best_lap=-
t=140.1 route=5 laps=0 crashes=0 avg_out=0.0s avg_ret=0.0s avg_lap=0.0s best_lap=-
t=140.1 route=6 laps=0 crashes=0 avg_out=0.0s avg_ret=0.0s avg_lap=0.0s best_lap=-
t=140.1 route=7 laps=0 crashes=0 avg_out=0.0s avg_ret=0.0s avg_lap=0.0s best_lap=-
t=140.1 route=8 laps=0 crashes=0 avg_out=0.0s avg_ret=0.0s avg_lap=0.0s best_lap=-
t=140.1 TOTAL laps=0 crashes=0
t=140.1 TUNER gen=0 results=0/64 pending=6 active=6 remaining=64 next_trial=7 rounds=[1,1,1,1,1,1,0,0]
t=140.4 LAUNCH_BLOCKED reason=cleared_unready_nav_deck_aircraft active=6 stored=2 no_active_s=0.0 state=IDLE tractor_cleanup=false elevator_transfer=false deck=Aircraft_10_nav_r6_6 pending=none clearance=none queue=0
t=155.5 LAUNCH_BLOCKED reason=deck_busy active=7 stored=1 no_active_s=0.0 state=AIRCRAFT_ON_DECK tractor_cleanup=false elevator_transfer=false deck=Aircraft_10_nav_r7_7 pending=none clearance=none queue=0
t=155.7 SPAWN craft=Aircraft_10_nav_r7_7 route=7 candidate=7 trial=7 t=155.7
t=170.2 ==== SUMMARY t=170.2 ====
t=170.2 route=1 laps=0 crashes=0 avg_out=0.0s avg_ret=0.0s avg_lap=0.0s best_lap=-
t=170.2 route=2 laps=0 crashes=0 avg_out=0.0s avg_ret=0.0s avg_lap=0.0s best_lap=-
t=170.2 route=3 laps=0 crashes=0 avg_out=0.0s avg_ret=0.0s avg_lap=0.0s best_lap=-
t=170.2 route=4 laps=0 crashes=0 avg_out=0.0s avg_ret=0.0s avg_lap=0.0s best_lap=-
t=170.2 route=5 laps=0 crashes=0 avg_out=0.0s avg_ret=0.0s avg_lap=0.0s best_lap=-
t=170.2 route=6 laps=0 crashes=0 avg_out=0.0s avg_ret=0.0s avg_lap=0.0s best_lap=-
t=170.2 route=7 laps=0 crashes=0 avg_out=0.0s avg_ret=0.0s avg_lap=0.0s best_lap=-
t=170.2 route=8 laps=0 crashes=0 avg_out=0.0s avg_ret=0.0s avg_lap=0.0s best_lap=-
t=170.2 TOTAL laps=0 crashes=0
t=170.2 TUNER gen=0 results=0/64 pending=8 active=8 remaining=64 next_trial=9 rounds=[1,1,1,1,1,1,1,1]
t=175.9 SPAWN craft=Aircraft_10_nav_r8_8 route=8 candidate=8 trial=8 t=175.9
t=179.9 LZ_REACHED craft=Aircraft_10_nav_r1_1 route=1 outbound=144.8s t=179.9
t=200.2 ==== SUMMARY t=200.2 ====
t=200.2 route=1 laps=0 crashes=0 avg_out=144.8s avg_ret=0.0s avg_lap=0.0s best_lap=-
t=200.3 route=2 laps=0 crashes=0 avg_out=0.0s avg_ret=0.0s avg_lap=0.0s best_lap=-
t=200.3 route=3 laps=0 crashes=0 avg_out=0.0s avg_ret=0.0s avg_lap=0.0s best_lap=-
t=200.3 route=4 laps=0 crashes=0 avg_out=0.0s avg_ret=0.0s avg_lap=0.0s best_lap=-
t=200.3 route=5 laps=0 crashes=0 avg_out=0.0s avg_ret=0.0s avg_lap=0.0s best_lap=-
t=200.3 route=6 laps=0 crashes=0 avg_out=0.0s avg_ret=0.0s avg_lap=0.0s best_lap=-
t=200.3 route=7 laps=0 crashes=0 avg_out=0.0s avg_ret=0.0s avg_lap=0.0s best_lap=-
t=200.3 route=8 laps=0 crashes=0 avg_out=0.0s avg_ret=0.0s avg_lap=0.0s best_lap=-
t=200.3 TOTAL laps=0 crashes=0
t=200.3 TUNER gen=0 results=0/64 pending=8 active=8 remaining=64 next_trial=9 rounds=[1,1,1,1,1,1,1,1]
t=230.2 ==== SUMMARY t=230.2 ====
t=230.2 route=1 laps=0 crashes=0 avg_out=144.8s avg_ret=0.0s avg_lap=0.0s best_lap=-
t=230.2 route=2 laps=0 crashes=0 avg_out=0.0s avg_ret=0.0s avg_lap=0.0s best_lap=-
t=230.3 route=3 laps=0 crashes=0 avg_out=0.0s avg_ret=0.0s avg_lap=0.0s best_lap=-
t=230.3 route=4 laps=0 crashes=0 avg_out=0.0s avg_ret=0.0s avg_lap=0.0s best_lap=-
t=230.3 route=5 laps=0 crashes=0 avg_out=0.0s avg_ret=0.0s avg_lap=0.0s best_lap=-
t=230.3 route=6 laps=0 crashes=0 avg_out=0.0s avg_ret=0.0s avg_lap=0.0s best_lap=-
t=230.3 route=7 laps=0 crashes=0 avg_out=0.0s avg_ret=0.0s avg_lap=0.0s best_lap=-
t=230.3 route=8 laps=0 crashes=0 avg_out=0.0s avg_ret=0.0s avg_lap=0.0s best_lap=-
t=230.3 TOTAL laps=0 crashes=0
t=230.3 TUNER gen=0 results=0/64 pending=8 active=8 remaining=64 next_trial=9 rounds=[1,1,1,1,1,1,1,1]
t=234.3 LZ_REACHED craft=Aircraft_10_nav_r2_2 route=2 outbound=179.2s t=234.3
t=260.3 ==== SUMMARY t=260.3 ====
t=260.3 route=1 laps=0 crashes=0 avg_out=144.8s avg_ret=0.0s avg_lap=0.0s best_lap=-
t=260.3 route=2 laps=0 crashes=0 avg_out=179.2s avg_ret=0.0s avg_lap=0.0s best_lap=-
t=260.3 route=3 laps=0 crashes=0 avg_out=0.0s avg_ret=0.0s avg_lap=0.0s best_lap=-
t=260.3 route=4 laps=0 crashes=0 avg_out=0.0s avg_ret=0.0s avg_lap=0.0s best_lap=-
t=260.3 route=5 laps=0 crashes=0 avg_out=0.0s avg_ret=0.0s avg_lap=0.0s best_lap=-
t=260.3 route=6 laps=0 crashes=0 avg_out=0.0s avg_ret=0.0s avg_lap=0.0s best_lap=-
t=260.3 route=7 laps=0 crashes=0 avg_out=0.0s avg_ret=0.0s avg_lap=0.0s best_lap=-
t=260.3 route=8 laps=0 crashes=0 avg_out=0.0s avg_ret=0.0s avg_lap=0.0s best_lap=-
t=260.3 TOTAL laps=0 crashes=0
t=260.3 TUNER gen=0 results=0/64 pending=8 active=8 remaining=64 next_trial=9 rounds=[1,1,1,1,1,1,1,1]
t=272.7 LZ_REACHED craft=Aircraft_10_nav_r4_4 route=4 outbound=177.3s t=272.7
t=279.1 LZ_REACHED craft=Aircraft_10_nav_r6_6 route=6 outbound=143.5s t=279.1
t=283.2 LZ_REACHED craft=Aircraft_10_nav_r3_3 route=3 outbound=207.9s t=283.2
t=290.3 ==== SUMMARY t=290.3 ====
t=290.3 route=1 laps=0 crashes=0 avg_out=144.8s avg_ret=0.0s avg_lap=0.0s best_lap=-
t=290.3 route=2 laps=0 crashes=0 avg_out=179.2s avg_ret=0.0s avg_lap=0.0s best_lap=-
t=290.3 route=3 laps=0 crashes=0 avg_out=207.9s avg_ret=0.0s avg_lap=0.0s best_lap=-
t=290.3 route=4 laps=0 crashes=0 avg_out=177.3s avg_ret=0.0s avg_lap=0.0s best_lap=-
t=290.3 route=5 laps=0 crashes=0 avg_out=0.0s avg_ret=0.0s avg_lap=0.0s best_lap=-
t=290.4 route=6 laps=0 crashes=0 avg_out=143.5s avg_ret=0.0s avg_lap=0.0s best_lap=-
t=290.4 route=7 laps=0 crashes=0 avg_out=0.0s avg_ret=0.0s avg_lap=0.0s best_lap=-
t=290.4 route=8 laps=0 crashes=0 avg_out=0.0s avg_ret=0.0s avg_lap=0.0s best_lap=-
t=290.4 TOTAL laps=0 crashes=0
t=290.4 TUNER gen=0 results=0/64 pending=8 active=8 remaining=64 next_trial=9 rounds=[1,1,1,1,1,1,1,1]
t=320.4 ==== SUMMARY t=320.4 ====
t=320.4 route=1 laps=0 crashes=0 avg_out=144.8s avg_ret=0.0s avg_lap=0.0s best_lap=-
t=320.4 route=2 laps=0 crashes=0 avg_out=179.2s avg_ret=0.0s avg_lap=0.0s best_lap=-
t=320.4 route=3 laps=0 crashes=0 avg_out=207.9s avg_ret=0.0s avg_lap=0.0s best_lap=-
t=320.4 route=4 laps=0 crashes=0 avg_out=177.3s avg_ret=0.0s avg_lap=0.0s best_lap=-
t=320.4 route=5 laps=0 crashes=0 avg_out=0.0s avg_ret=0.0s avg_lap=0.0s best_lap=-
t=320.4 route=6 laps=0 crashes=0 avg_out=143.5s avg_ret=0.0s avg_lap=0.0s best_lap=-
t=320.4 route=7 laps=0 crashes=0 avg_out=0.0s avg_ret=0.0s avg_lap=0.0s best_lap=-
t=320.4 route=8 laps=0 crashes=0 avg_out=0.0s avg_ret=0.0s avg_lap=0.0s best_lap=-
t=320.4 TOTAL laps=0 crashes=0
t=320.4 TUNER gen=0 results=0/64 pending=8 active=8 remaining=64 next_trial=9 rounds=[1,1,1,1,1,1,1,1]
t=324.0 LZ_REACHED craft=Aircraft_10_nav_r7_7 route=7 outbound=168.3s t=324.0
t=347.3 LZ_REACHED craft=Aircraft_10_nav_r8_8 route=8 outbound=171.4s t=347.3
t=350.4 ==== SUMMARY t=350.4 ====
t=350.4 route=1 laps=0 crashes=0 avg_out=144.8s avg_ret=0.0s avg_lap=0.0s best_lap=-
t=350.4 route=2 laps=0 crashes=0 avg_out=179.2s avg_ret=0.0s avg_lap=0.0s best_lap=-
t=350.4 route=3 laps=0 crashes=0 avg_out=207.9s avg_ret=0.0s avg_lap=0.0s best_lap=-
t=350.5 route=4 laps=0 crashes=0 avg_out=177.3s avg_ret=0.0s avg_lap=0.0s best_lap=-
t=350.5 route=5 laps=0 crashes=0 avg_out=0.0s avg_ret=0.0s avg_lap=0.0s best_lap=-
t=350.5 route=6 laps=0 crashes=0 avg_out=143.5s avg_ret=0.0s avg_lap=0.0s best_lap=-
t=350.5 route=7 laps=0 crashes=0 avg_out=168.3s avg_ret=0.0s avg_lap=0.0s best_lap=-
t=350.5 route=8 laps=0 crashes=0 avg_out=171.4s avg_ret=0.0s avg_lap=0.0s best_lap=-
t=350.5 TOTAL laps=0 crashes=0
t=350.5 TUNER gen=0 results=0/64 pending=8 active=8 remaining=64 next_trial=9 rounds=[1,1,1,1,1,1,1,1]
t=352.1 LAP_CAPTURE craft=Aircraft_10_nav_r1_1 route=1 return=160.1s lap=317.0s carrier_dist=200m t=352.1
t=365.9 LZ_REACHED craft=Aircraft_10_nav_r5_5 route=5 outbound=250.4s t=365.9
t=371.7 SPAWN craft=Aircraft_10_nav_r1_9 route=1 candidate=2 trial=9 t=371.7
t=380.7 ==== SUMMARY t=380.7 ====
t=380.7 route=1 laps=1 crashes=0 avg_out=144.8s avg_ret=160.1s avg_lap=317.0s best_lap=317.0
t=380.7 route=2 laps=0 crashes=0 avg_out=179.2s avg_ret=0.0s avg_lap=0.0s best_lap=-
t=380.7 route=3 laps=0 crashes=0 avg_out=207.9s avg_ret=0.0s avg_lap=0.0s best_lap=-
t=380.7 route=4 laps=0 crashes=0 avg_out=177.3s avg_ret=0.0s avg_lap=0.0s best_lap=-
t=380.7 route=5 laps=0 crashes=0 avg_out=250.4s avg_ret=0.0s avg_lap=0.0s best_lap=-
t=380.7 route=6 laps=0 crashes=0 avg_out=143.5s avg_ret=0.0s avg_lap=0.0s best_lap=-
t=380.7 route=7 laps=0 crashes=0 avg_out=168.3s avg_ret=0.0s avg_lap=0.0s best_lap=-
t=380.7 route=8 laps=0 crashes=0 avg_out=171.4s avg_ret=0.0s avg_lap=0.0s best_lap=-
t=380.7 TOTAL laps=1 crashes=0
t=380.8 TUNER gen=0 results=1/64 pending=8 active=8 remaining=63 next_trial=10 rounds=[2,1,1,1,1,1,1,1]
t=410.7 ==== SUMMARY t=410.7 ====
t=410.7 route=1 laps=1 crashes=0 avg_out=144.8s avg_ret=160.1s avg_lap=317.0s best_lap=317.0
t=410.7 route=2 laps=0 crashes=0 avg_out=179.2s avg_ret=0.0s avg_lap=0.0s best_lap=-
t=410.7 route=3 laps=0 crashes=0 avg_out=207.9s avg_ret=0.0s avg_lap=0.0s best_lap=-
t=410.7 route=4 laps=0 crashes=0 avg_out=177.3s avg_ret=0.0s avg_lap=0.0s best_lap=-
t=410.7 route=5 laps=0 crashes=0 avg_out=250.4s avg_ret=0.0s avg_lap=0.0s best_lap=-
t=410.7 route=6 laps=0 crashes=0 avg_out=143.5s avg_ret=0.0s avg_lap=0.0s best_lap=-
t=410.7 route=7 laps=0 crashes=0 avg_out=168.3s avg_ret=0.0s avg_lap=0.0s best_lap=-
t=410.7 route=8 laps=0 crashes=0 avg_out=171.4s avg_ret=0.0s avg_lap=0.0s best_lap=-
t=410.7 TOTAL laps=1 crashes=0
t=410.7 TUNER gen=0 results=1/64 pending=8 active=8 remaining=63 next_trial=10 rounds=[2,1,1,1,1,1,1,1]
t=429.8 LAP_CAPTURE craft=Aircraft_10_nav_r6_6 route=6 return=138.7s lap=294.2s carrier_dist=200m t=429.8
t=434.7 LAP_CAPTURE craft=Aircraft_10_nav_r4_4 route=4 return=150.0s lap=339.3s carrier_dist=200m t=434.7
t=440.7 ==== SUMMARY t=440.7 ====
t=440.7 route=1 laps=1 crashes=0 avg_out=144.8s avg_ret=160.1s avg_lap=317.0s best_lap=317.0
t=440.7 route=2 laps=0 crashes=0 avg_out=179.2s avg_ret=0.0s avg_lap=0.0s best_lap=-
t=440.7 route=3 laps=0 crashes=0 avg_out=207.9s avg_ret=0.0s avg_lap=0.0s best_lap=-
t=440.7 route=4 laps=1 crashes=0 avg_out=177.3s avg_ret=150.0s avg_lap=339.3s best_lap=339.3
t=440.7 route=5 laps=0 crashes=0 avg_out=250.4s avg_ret=0.0s avg_lap=0.0s best_lap=-
t=440.7 route=6 laps=1 crashes=0 avg_out=143.5s avg_ret=138.7s avg_lap=294.2s best_lap=294.2
t=440.7 route=7 laps=0 crashes=0 avg_out=168.3s avg_ret=0.0s avg_lap=0.0s best_lap=-
t=440.7 route=8 laps=0 crashes=0 avg_out=171.4s avg_ret=0.0s avg_lap=0.0s best_lap=-
t=440.7 TOTAL laps=3 crashes=0
t=440.7 TUNER gen=0 results=3/64 pending=7 active=7 remaining=61 next_trial=11 rounds=[2,1,1,1,1,2,1,1]
t=441.9 LAUNCH_BLOCKED reason=deck_busy active=7 stored=1 no_active_s=0.0 state=AIRCRAFT_ON_DECK tractor_cleanup=false elevator_transfer=true deck=Aircraft_10_nav_r6_10 pending=none clearance=none queue=0
t=447.1 SPAWN craft=Aircraft_10_nav_r6_10 route=6 candidate=7 trial=10 t=447.1
t=467.3 SPAWN craft=Aircraft_10_nav_r4_11 route=4 candidate=5 trial=11 t=467.3
t=470.8 ==== SUMMARY t=470.8 ====
t=470.8 route=1 laps=1 crashes=0 avg_out=144.8s avg_ret=160.1s avg_lap=317.0s best_lap=317.0
t=470.9 route=2 laps=0 crashes=0 avg_out=179.2s avg_ret=0.0s avg_lap=0.0s best_lap=-
t=470.9 route=3 laps=0 crashes=0 avg_out=207.9s avg_ret=0.0s avg_lap=0.0s best_lap=-
t=470.9 route=4 laps=1 crashes=0 avg_out=177.3s avg_ret=150.0s avg_lap=339.3s best_lap=339.3
t=470.9 route=5 laps=0 crashes=0 avg_out=250.4s avg_ret=0.0s avg_lap=0.0s best_lap=-
t=470.9 route=6 laps=1 crashes=0 avg_out=143.5s avg_ret=138.7s avg_lap=294.2s best_lap=294.2
t=470.9 route=7 laps=0 crashes=0 avg_out=168.3s avg_ret=0.0s avg_lap=0.0s best_lap=-
t=470.9 route=8 laps=0 crashes=0 avg_out=171.4s avg_ret=0.0s avg_lap=0.0s best_lap=-
t=470.9 TOTAL laps=3 crashes=0
t=470.9 TUNER gen=0 results=3/64 pending=8 active=8 remaining=61 next_trial=12 rounds=[2,1,1,2,1,2,1,1]
t=480.0 LAP_CAPTURE craft=Aircraft_10_nav_r2_2 route=2 return=233.7s lap=424.8s carrier_dist=200m t=480.0
t=488.6 LAP_CAPTURE craft=Aircraft_10_nav_r7_7 route=7 return=152.6s lap=332.9s carrier_dist=200m t=488.6
t=497.1 LAUNCH_BLOCKED reason=deck_busy active=7 stored=1 no_active_s=0.0 state=AIRCRAFT_ON_DECK tractor_cleanup=false elevator_transfer=false deck=Aircraft_10_nav_r2_12 pending=none clearance=none queue=0
t=497.3 SPAWN craft=Aircraft_10_nav_r2_12 route=2 candidate=3 trial=12 t=497.3
t=500.8 ==== SUMMARY t=500.8 ====
t=500.8 route=1 laps=1 crashes=0 avg_out=144.8s avg_ret=160.1s avg_lap=317.0s best_lap=317.0
t=500.8 route=2 laps=1 crashes=0 avg_out=179.2s avg_ret=233.7s avg_lap=424.8s best_lap=424.8
t=500.8 route=3 laps=0 crashes=0 avg_out=207.9s avg_ret=0.0s avg_lap=0.0s best_lap=-
t=500.8 route=4 laps=1 crashes=0 avg_out=177.3s avg_ret=150.0s avg_lap=339.3s best_lap=339.3
t=500.8 route=5 laps=0 crashes=0 avg_out=250.4s avg_ret=0.0s avg_lap=0.0s best_lap=-
t=500.9 route=6 laps=1 crashes=0 avg_out=143.5s avg_ret=138.7s avg_lap=294.2s best_lap=294.2
t=500.9 route=7 laps=1 crashes=0 avg_out=168.3s avg_ret=152.6s avg_lap=332.9s best_lap=332.9
t=500.9 route=8 laps=0 crashes=0 avg_out=171.4s avg_ret=0.0s avg_lap=0.0s best_lap=-
t=500.9 TOTAL laps=5 crashes=0
t=500.9 TUNER gen=0 results=5/64 pending=7 active=7 remaining=59 next_trial=13 rounds=[2,2,1,2,1,2,1,1]
t=515.8 LZ_REACHED craft=Aircraft_10_nav_r1_9 route=1 outbound=144.1s t=515.8
t=517.5 SPAWN craft=Aircraft_10_nav_r7_13 route=7 candidate=8 trial=13 t=517.5
t=530.8 ==== SUMMARY t=530.8 ====
t=530.9 route=1 laps=1 crashes=0 avg_out=144.4s avg_ret=160.1s avg_lap=317.0s best_lap=317.0
t=530.9 route=2 laps=1 crashes=0 avg_out=179.2s avg_ret=233.7s avg_lap=424.8s best_lap=424.8
t=530.9 route=3 laps=0 crashes=0 avg_out=207.9s avg_ret=0.0s avg_lap=0.0s best_lap=-
t=530.9 route=4 laps=1 crashes=0 avg_out=177.3s avg_ret=150.0s avg_lap=339.3s best_lap=339.3
t=530.9 route=5 laps=0 crashes=0 avg_out=250.4s avg_ret=0.0s avg_lap=0.0s best_lap=-
t=530.9 route=6 laps=1 crashes=0 avg_out=143.5s avg_ret=138.7s avg_lap=294.2s best_lap=294.2
t=530.9 route=7 laps=1 crashes=0 avg_out=168.3s avg_ret=152.6s avg_lap=332.9s best_lap=332.9
t=530.9 route=8 laps=0 crashes=0 avg_out=171.4s avg_ret=0.0s avg_lap=0.0s best_lap=-
t=530.9 TOTAL laps=5 crashes=0
t=530.9 TUNER gen=0 results=5/64 pending=8 active=8 remaining=59 next_trial=14 rounds=[2,2,1,2,1,2,2,1]
t=534.8 LAP_CAPTURE craft=Aircraft_10_nav_r8_8 route=8 return=175.5s lap=358.9s carrier_dist=200m t=534.8
t=550.1 LAP_CAPTURE craft=Aircraft_10_nav_r3_3 route=3 return=254.9s lap=474.8s carrier_dist=200m t=550.1
t=552.6 SPAWN craft=Aircraft_10_nav_r8_14 route=8 candidate=1 trial=14 t=552.6
t=557.4 LAUNCH_BLOCKED reason=cleared_unready_nav_deck_aircraft active=7 stored=1 no_active_s=0.0 state=IDLE tractor_cleanup=false elevator_transfer=false deck=Aircraft_10_nav_r8_14 pending=none clearance=none queue=0
t=560.9 ==== SUMMARY t=560.9 ====
t=560.9 route=1 laps=1 crashes=0 avg_out=144.4s avg_ret=160.1s avg_lap=317.0s best_lap=317.0
t=560.9 route=2 laps=1 crashes=0 avg_out=179.2s avg_ret=233.7s avg_lap=424.8s best_lap=424.8
t=560.9 route=3 laps=1 crashes=0 avg_out=207.9s avg_ret=254.9s avg_lap=474.8s best_lap=474.8
t=560.9 route=4 laps=1 crashes=0 avg_out=177.3s avg_ret=150.0s avg_lap=339.3s best_lap=339.3
t=560.9 route=5 laps=0 crashes=0 avg_out=250.4s avg_ret=0.0s avg_lap=0.0s best_lap=-
t=560.9 route=6 laps=1 crashes=0 avg_out=143.5s avg_ret=138.7s avg_lap=294.2s best_lap=294.2
t=561.0 route=7 laps=1 crashes=0 avg_out=168.3s avg_ret=152.6s avg_lap=332.9s best_lap=332.9
t=561.0 route=8 laps=1 crashes=0 avg_out=171.4s avg_ret=175.5s avg_lap=358.9s best_lap=358.9
t=561.0 TOTAL laps=7 crashes=0
t=561.0 TUNER gen=0 results=7/64 pending=7 active=7 remaining=57 next_trial=15 rounds=[2,2,1,2,1,2,2,2]
t=572.9 SPAWN craft=Aircraft_10_nav_r3_15 route=3 candidate=4 trial=15 t=572.9
t=591.0 ==== SUMMARY t=591.0 ====
t=591.0 route=1 laps=1 crashes=0 avg_out=144.4s avg_ret=160.1s avg_lap=317.0s best_lap=317.0
t=591.0 route=2 laps=1 crashes=0 avg_out=179.2s avg_ret=233.7s avg_lap=424.8s best_lap=424.8
t=591.1 route=3 laps=1 crashes=0 avg_out=207.9s avg_ret=254.9s avg_lap=474.8s best_lap=474.8
t=591.1 route=4 laps=1 crashes=0 avg_out=177.3s avg_ret=150.0s avg_lap=339.3s best_lap=339.3
t=591.1 route=5 laps=0 crashes=0 avg_out=250.4s avg_ret=0.0s avg_lap=0.0s best_lap=-
t=591.1 route=6 laps=1 crashes=0 avg_out=143.5s avg_ret=138.7s avg_lap=294.2s best_lap=294.2
t=591.1 route=7 laps=1 crashes=0 avg_out=168.3s avg_ret=152.6s avg_lap=332.9s best_lap=332.9
t=591.1 route=8 laps=1 crashes=0 avg_out=171.4s avg_ret=175.5s avg_lap=358.9s best_lap=358.9
t=591.1 TOTAL laps=7 crashes=0
t=591.1 TUNER gen=0 results=7/64 pending=8 active=8 remaining=57 next_trial=16 rounds=[2,2,2,2,1,2,2,2]
t=592.7 LZ_REACHED craft=Aircraft_10_nav_r6_10 route=6 outbound=145.7s t=592.7
t=602.4 LAP_CAPTURE craft=Aircraft_10_nav_r5_5 route=5 return=224.4s lap=486.8s carrier_dist=200m t=602.4
t=618.1 SPAWN craft=Aircraft_10_nav_r5_16 route=5 candidate=6 trial=16 t=618.1
t=621.1 ==== SUMMARY t=621.1 ====
t=621.1 route=1 laps=1 crashes=0 avg_out=144.4s avg_ret=160.1s avg_lap=317.0s best_lap=317.0
t=621.1 route=2 laps=1 crashes=0 avg_out=179.2s avg_ret=233.7s avg_lap=424.8s best_lap=424.8
t=621.1 route=3 laps=1 crashes=0 avg_out=207.9s avg_ret=254.9s avg_lap=474.8s best_lap=474.8
t=621.1 route=4 laps=1 crashes=0 avg_out=177.3s avg_ret=150.0s avg_lap=339.3s best_lap=339.3
t=621.1 route=5 laps=1 crashes=0 avg_out=250.4s avg_ret=224.4s avg_lap=486.8s best_lap=486.8
t=621.1 route=6 laps=1 crashes=0 avg_out=144.6s avg_ret=138.7s avg_lap=294.2s best_lap=294.2
t=621.2 route=7 laps=1 crashes=0 avg_out=168.3s avg_ret=152.6s avg_lap=332.9s best_lap=332.9
t=621.2 route=8 laps=1 crashes=0 avg_out=171.4s avg_ret=175.5s avg_lap=358.9s best_lap=358.9
t=621.2 TOTAL laps=8 crashes=0
t=621.2 TUNER gen=0 results=8/64 pending=8 active=8 remaining=56 next_trial=17 rounds=[2,2,2,2,2,2,2,2]
t=638.5 LZ_REACHED craft=Aircraft_10_nav_r4_11 route=4 outbound=171.2s t=638.5
t=651.1 ==== SUMMARY t=651.1 ====
t=651.1 route=1 laps=1 crashes=0 avg_out=144.4s avg_ret=160.1s avg_lap=317.0s best_lap=317.0
t=651.2 route=2 laps=1 crashes=0 avg_out=179.2s avg_ret=233.7s avg_lap=424.8s best_lap=424.8
t=651.2 route=3 laps=1 crashes=0 avg_out=207.9s avg_ret=254.9s avg_lap=474.8s best_lap=474.8
t=651.2 route=4 laps=1 crashes=0 avg_out=174.3s avg_ret=150.0s avg_lap=339.3s best_lap=339.3
t=651.2 route=5 laps=1 crashes=0 avg_out=250.4s avg_ret=224.4s avg_lap=486.8s best_lap=486.8
t=651.2 route=6 laps=1 crashes=0 avg_out=144.6s avg_ret=138.7s avg_lap=294.2s best_lap=294.2
t=651.2 route=7 laps=1 crashes=0 avg_out=168.3s avg_ret=152.6s avg_lap=332.9s best_lap=332.9
t=651.2 route=8 laps=1 crashes=0 avg_out=171.4s avg_ret=175.5s avg_lap=358.9s best_lap=358.9
t=651.2 TOTAL laps=8 crashes=0
t=651.2 TUNER gen=0 results=8/64 pending=8 active=8 remaining=56 next_trial=17 rounds=[2,2,2,2,2,2,2,2]
t=675.6 LZ_REACHED craft=Aircraft_10_nav_r2_12 route=2 outbound=178.3s t=675.6
t=681.2 ==== SUMMARY t=681.2 ====
t=681.2 route=1 laps=1 crashes=0 avg_out=144.4s avg_ret=160.1s avg_lap=317.0s best_lap=317.0
t=681.2 route=2 laps=1 crashes=0 avg_out=178.7s avg_ret=233.7s avg_lap=424.8s best_lap=424.8
t=681.2 route=3 laps=1 crashes=0 avg_out=207.9s avg_ret=254.9s avg_lap=474.8s best_lap=474.8
t=681.2 route=4 laps=1 crashes=0 avg_out=174.3s avg_ret=150.0s avg_lap=339.3s best_lap=339.3
t=681.2 route=5 laps=1 crashes=0 avg_out=250.4s avg_ret=224.4s avg_lap=486.8s best_lap=486.8
t=681.2 route=6 laps=1 crashes=0 avg_out=144.6s avg_ret=138.7s avg_lap=294.2s best_lap=294.2
t=681.2 route=7 laps=1 crashes=0 avg_out=168.3s avg_ret=152.6s avg_lap=332.9s best_lap=332.9
t=681.2 route=8 laps=1 crashes=0 avg_out=171.4s avg_ret=175.5s avg_lap=358.9s best_lap=358.9
t=681.2 TOTAL laps=8 crashes=0
t=681.2 TUNER gen=0 results=8/64 pending=8 active=8 remaining=56 next_trial=17 rounds=[2,2,2,2,2,2,2,2]
t=682.6 LZ_REACHED craft=Aircraft_10_nav_r7_13 route=7 outbound=165.1s t=682.6
t=692.9 LAP_CAPTURE craft=Aircraft_10_nav_r1_9 route=1 return=165.1s lap=321.2s carrier_dist=200m t=692.9
t=708.4 SPAWN craft=Aircraft_10_nav_r1_17 route=1 candidate=3 trial=17 t=708.4
t=711.3 ==== SUMMARY t=711.3 ====
t=711.3 route=1 laps=2 crashes=0 avg_out=144.4s avg_ret=162.6s avg_lap=319.1s best_lap=317.0
t=711.3 route=2 laps=1 crashes=0 avg_out=178.7s avg_ret=233.7s avg_lap=424.8s best_lap=424.8
t=711.3 route=3 laps=1 crashes=0 avg_out=207.9s avg_ret=254.9s avg_lap=474.8s best_lap=474.8
t=711.3 route=4 laps=1 crashes=0 avg_out=174.3s avg_ret=150.0s avg_lap=339.3s best_lap=339.3
t=711.3 route=5 laps=1 crashes=0 avg_out=250.4s avg_ret=224.4s avg_lap=486.8s best_lap=486.8
t=711.3 route=6 laps=1 crashes=0 avg_out=144.6s avg_ret=138.7s avg_lap=294.2s best_lap=294.2
t=711.3 route=7 laps=1 crashes=0 avg_out=166.7s avg_ret=152.6s avg_lap=332.9s best_lap=332.9
t=711.3 route=8 laps=1 crashes=0 avg_out=171.4s avg_ret=175.5s avg_lap=358.9s best_lap=358.9
t=711.3 TOTAL laps=9 crashes=0
t=711.3 TUNER gen=0 results=9/64 pending=8 active=8 remaining=55 next_trial=18 rounds=[3,2,2,2,2,2,2,2]
t=722.8 LZ_REACHED craft=Aircraft_10_nav_r8_14 route=8 outbound=170.1s t=722.8
t=741.3 ==== SUMMARY t=741.3 ====
t=741.3 route=1 laps=2 crashes=0 avg_out=144.4s avg_ret=162.6s avg_lap=319.1s best_lap=317.0
t=741.3 route=2 laps=1 crashes=0 avg_out=178.7s avg_ret=233.7s avg_lap=424.8s best_lap=424.8
t=741.3 route=3 laps=1 crashes=0 avg_out=207.9s avg_ret=254.9s avg_lap=474.8s best_lap=474.8
t=741.3 route=4 laps=1 crashes=0 avg_out=174.3s avg_ret=150.0s avg_lap=339.3s best_lap=339.3
t=741.4 route=5 laps=1 crashes=0 avg_out=250.4s avg_ret=224.4s avg_lap=486.8s best_lap=486.8
t=741.4 route=6 laps=1 crashes=0 avg_out=144.6s avg_ret=138.7s avg_lap=294.2s best_lap=294.2
t=741.4 route=7 laps=1 crashes=0 avg_out=166.7s avg_ret=152.6s avg_lap=332.9s best_lap=332.9
t=741.4 route=8 laps=1 crashes=0 avg_out=170.8s avg_ret=175.5s avg_lap=358.9s best_lap=358.9
t=741.4 TOTAL laps=9 crashes=0
t=741.4 TUNER gen=0 results=9/64 pending=8 active=8 remaining=55 next_trial=18 rounds=[3,2,2,2,2,2,2,2]
t=744.5 LAP_CAPTURE craft=Aircraft_10_nav_r6_10 route=6 return=139.8s lap=297.5s carrier_dist=200m t=744.5
t=763.7 SPAWN craft=Aircraft_10_nav_r6_18 route=6 candidate=8 trial=18 t=763.7
t=771.4 ==== SUMMARY t=771.4 ====
t=771.4 route=1 laps=2 crashes=0 avg_out=144.4s avg_ret=162.6s avg_lap=319.1s best_lap=317.0
t=771.4 route=2 laps=1 crashes=0 avg_out=178.7s avg_ret=233.7s avg_lap=424.8s best_lap=424.8
t=771.4 route=3 laps=1 crashes=0 avg_out=207.9s avg_ret=254.9s avg_lap=474.8s best_lap=474.8
t=771.4 route=4 laps=1 crashes=0 avg_out=174.3s avg_ret=150.0s avg_lap=339.3s best_lap=339.3
t=771.4 route=5 laps=1 crashes=0 avg_out=250.4s avg_ret=224.4s avg_lap=486.8s best_lap=486.8
t=771.4 route=6 laps=2 crashes=0 avg_out=144.6s avg_ret=139.3s avg_lap=295.9s best_lap=294.2
t=771.5 route=7 laps=1 crashes=0 avg_out=166.7s avg_ret=152.6s avg_lap=332.9s best_lap=332.9
t=771.5 route=8 laps=1 crashes=0 avg_out=170.8s avg_ret=175.5s avg_lap=358.9s best_lap=358.9
t=771.5 TOTAL laps=10 crashes=0
t=771.5 TUNER gen=0 results=10/64 pending=8 active=8 remaining=54 next_trial=19 rounds=[3,2,2,2,2,3,2,2]
t=781.7 LZ_REACHED craft=Aircraft_10_nav_r3_15 route=3 outbound=208.8s t=781.7
t=801.5 ==== SUMMARY t=801.5 ====
t=801.5 route=1 laps=2 crashes=0 avg_out=144.4s avg_ret=162.6s avg_lap=319.1s best_lap=317.0
t=801.5 route=2 laps=1 crashes=0 avg_out=178.7s avg_ret=233.7s avg_lap=424.8s best_lap=424.8
t=801.5 route=3 laps=1 crashes=0 avg_out=208.4s avg_ret=254.9s avg_lap=474.8s best_lap=474.8
t=801.5 route=4 laps=1 crashes=0 avg_out=174.3s avg_ret=150.0s avg_lap=339.3s best_lap=339.3
t=801.5 route=5 laps=1 crashes=0 avg_out=250.4s avg_ret=224.4s avg_lap=486.8s best_lap=486.8
t=801.5 route=6 laps=2 crashes=0 avg_out=144.6s avg_ret=139.3s avg_lap=295.9s best_lap=294.2
t=801.5 route=7 laps=1 crashes=0 avg_out=166.7s avg_ret=152.6s avg_lap=332.9s best_lap=332.9
t=801.5 route=8 laps=1 crashes=0 avg_out=170.8s avg_ret=175.5s avg_lap=358.9s best_lap=358.9
t=801.5 TOTAL laps=10 crashes=0
t=801.6 TUNER gen=0 results=10/64 pending=8 active=8 remaining=54 next_trial=19 rounds=[3,2,2,2,2,3,2,2]
t=802.4 LAP_CAPTURE craft=Aircraft_10_nav_r4_11 route=4 return=151.9s lap=335.1s carrier_dist=200m t=802.4
t=831.5 ==== SUMMARY t=831.5 ====
t=831.5 route=1 laps=2 crashes=0 avg_out=144.4s avg_ret=162.6s avg_lap=319.1s best_lap=317.0
t=831.5 route=2 laps=1 crashes=0 avg_out=178.7s avg_ret=233.7s avg_lap=424.8s best_lap=424.8
t=831.5 route=3 laps=1 crashes=0 avg_out=208.4s avg_ret=254.9s avg_lap=474.8s best_lap=474.8
t=831.5 route=4 laps=2 crashes=0 avg_out=174.3s avg_ret=150.9s avg_lap=337.2s best_lap=335.1
t=831.5 route=5 laps=1 crashes=0 avg_out=250.4s avg_ret=224.4s avg_lap=486.8s best_lap=486.8
t=831.5 route=6 laps=2 crashes=0 avg_out=144.6s avg_ret=139.3s avg_lap=295.9s best_lap=294.2
t=831.5 route=7 laps=1 crashes=0 avg_out=166.7s avg_ret=152.6s avg_lap=332.9s best_lap=332.9
t=831.6 route=8 laps=1 crashes=0 avg_out=170.8s avg_ret=175.5s avg_lap=358.9s best_lap=358.9
t=831.6 TOTAL laps=11 crashes=0
t=831.6 TUNER gen=0 results=11/64 pending=7 active=7 remaining=53 next_trial=19 rounds=[3,2,2,2,2,3,2,2]
t=842.4 LAP_CAPTURE craft=Aircraft_10_nav_r7_13 route=7 return=147.7s lap=324.8s carrier_dist=200m t=842.4
t=844.4 LZ_REACHED craft=Aircraft_10_nav_r1_17 route=1 outbound=136.0s t=844.4
t=861.5 ==== SUMMARY t=861.5 ====
t=861.5 route=1 laps=2 crashes=0 avg_out=141.6s avg_ret=162.6s avg_lap=319.1s best_lap=317.0
t=861.5 route=2 laps=1 crashes=0 avg_out=178.7s avg_ret=233.7s avg_lap=424.8s best_lap=424.8
t=861.5 route=3 laps=1 crashes=0 avg_out=208.4s avg_ret=254.9s avg_lap=474.8s best_lap=474.8
t=861.6 route=4 laps=2 crashes=0 avg_out=174.3s avg_ret=150.9s avg_lap=337.2s best_lap=335.1
t=861.6 route=5 laps=1 crashes=0 avg_out=250.4s avg_ret=224.4s avg_lap=486.8s best_lap=486.8
t=861.6 route=6 laps=2 crashes=0 avg_out=144.6s avg_ret=139.3s avg_lap=295.9s best_lap=294.2
t=861.6 route=7 laps=2 crashes=0 avg_out=166.7s avg_ret=150.2s avg_lap=328.9s best_lap=324.8
t=861.6 route=8 laps=1 crashes=0 avg_out=170.8s avg_ret=175.5s avg_lap=358.9s best_lap=358.9
t=861.6 TOTAL laps=12 crashes=0
t=861.6 TUNER gen=0 results=12/64 pending=6 active=6 remaining=52 next_trial=19 rounds=[3,2,2,2,2,3,2,2]
t=865.0 LZ_REACHED craft=Aircraft_10_nav_r5_16 route=5 outbound=246.9s t=865.0
t=885.7 LZ_REACHED craft=Aircraft_10_nav_r6_18 route=6 outbound=122.0s t=885.7
t=891.6 ==== SUMMARY t=891.6 ====
t=891.6 route=1 laps=2 crashes=0 avg_out=141.6s avg_ret=162.6s avg_lap=319.1s best_lap=317.0
t=891.6 route=2 laps=1 crashes=0 avg_out=178.7s avg_ret=233.7s avg_lap=424.8s best_lap=424.8
t=891.6 route=3 laps=1 crashes=0 avg_out=208.4s avg_ret=254.9s avg_lap=474.8s best_lap=474.8
t=891.6 route=4 laps=2 crashes=0 avg_out=174.3s avg_ret=150.9s avg_lap=337.2s best_lap=335.1
t=891.6 route=5 laps=1 crashes=0 avg_out=248.7s avg_ret=224.4s avg_lap=486.8s best_lap=486.8
t=891.7 route=6 laps=2 crashes=0 avg_out=137.1s avg_ret=139.3s avg_lap=295.9s best_lap=294.2
t=891.7 route=7 laps=2 crashes=0 avg_out=166.7s avg_ret=150.2s avg_lap=328.9s best_lap=324.8
t=891.7 route=8 laps=1 crashes=0 avg_out=170.8s avg_ret=175.5s avg_lap=358.9s best_lap=358.9
t=891.7 TOTAL laps=12 crashes=0
t=891.7 TUNER gen=0 results=12/64 pending=6 active=6 remaining=52 next_trial=19 rounds=[3,2,2,2,2,3,2,2]
t=905.9 LAP_CAPTURE craft=Aircraft_10_nav_r2_12 route=2 return=218.3s lap=408.6s carrier_dist=200m t=905.9
t=914.7 LAP_CAPTURE craft=Aircraft_10_nav_r8_14 route=8 return=180.0s lap=362.1s carrier_dist=200m t=914.7
t=921.7 ==== SUMMARY t=921.7 ====
t=921.7 route=1 laps=2 crashes=0 avg_out=141.6s avg_ret=162.6s avg_lap=319.1s best_lap=317.0
t=921.7 route=2 laps=2 crashes=0 avg_out=178.7s avg_ret=226.0s avg_lap=416.7s best_lap=408.6
t=921.7 route=3 laps=1 crashes=0 avg_out=208.4s avg_ret=254.9s avg_lap=474.8s best_lap=474.8
t=921.7 route=4 laps=2 crashes=0 avg_out=174.3s avg_ret=150.9s avg_lap=337.2s best_lap=335.1
t=921.7 route=5 laps=1 crashes=0 avg_out=248.7s avg_ret=224.4s avg_lap=486.8s best_lap=486.8
t=921.7 route=6 laps=2 crashes=0 avg_out=137.1s avg_ret=139.3s avg_lap=295.9s best_lap=294.2
t=921.7 route=7 laps=2 crashes=0 avg_out=166.7s avg_ret=150.2s avg_lap=328.9s best_lap=324.8
t=921.7 route=8 laps=2 crashes=0 avg_out=170.8s avg_ret=177.8s avg_lap=360.5s best_lap=358.9
t=921.7 TOTAL laps=14 crashes=0
t=921.7 TUNER gen=0 results=14/64 pending=4 active=4 remaining=50 next_trial=19 rounds=[3,2,2,2,2,3,2,2]
t=951.6 ==== SUMMARY t=951.6 ====
t=951.7 route=1 laps=2 crashes=0 avg_out=141.6s avg_ret=162.6s avg_lap=319.1s best_lap=317.0
t=951.7 route=2 laps=2 crashes=0 avg_out=178.7s avg_ret=226.0s avg_lap=416.7s best_lap=408.6
t=951.7 route=3 laps=1 crashes=0 avg_out=208.4s avg_ret=254.9s avg_lap=474.8s best_lap=474.8
t=951.7 route=4 laps=2 crashes=0 avg_out=174.3s avg_ret=150.9s avg_lap=337.2s best_lap=335.1
t=951.7 route=5 laps=1 crashes=0 avg_out=248.7s avg_ret=224.4s avg_lap=486.8s best_lap=486.8
t=951.7 route=6 laps=2 crashes=0 avg_out=137.1s avg_ret=139.3s avg_lap=295.9s best_lap=294.2
t=951.7 route=7 laps=2 crashes=0 avg_out=166.7s avg_ret=150.2s avg_lap=328.9s best_lap=324.8
t=951.7 route=8 laps=2 crashes=0 avg_out=170.8s avg_ret=177.8s avg_lap=360.5s best_lap=358.9
t=951.7 TOTAL laps=14 crashes=0
t=951.7 TUNER gen=0 results=14/64 pending=4 active=4 remaining=50 next_trial=19 rounds=[3,2,2,2,2,3,2,2]
t=981.7 ==== SUMMARY t=981.7 ====
t=981.7 route=1 laps=2 crashes=0 avg_out=141.6s avg_ret=162.6s avg_lap=319.1s best_lap=317.0
t=981.7 route=2 laps=2 crashes=0 avg_out=178.7s avg_ret=226.0s avg_lap=416.7s best_lap=408.6
t=981.7 route=3 laps=1 crashes=0 avg_out=208.4s avg_ret=254.9s avg_lap=474.8s best_lap=474.8
t=981.7 route=4 laps=2 crashes=0 avg_out=174.3s avg_ret=150.9s avg_lap=337.2s best_lap=335.1
t=981.7 route=5 laps=1 crashes=0 avg_out=248.7s avg_ret=224.4s avg_lap=486.8s best_lap=486.8
t=981.7 route=6 laps=2 crashes=0 avg_out=137.1s avg_ret=139.3s avg_lap=295.9s best_lap=294.2
t=981.7 route=7 laps=2 crashes=0 avg_out=166.7s avg_ret=150.2s avg_lap=328.9s best_lap=324.8
t=981.7 route=8 laps=2 crashes=0 avg_out=170.8s avg_ret=177.8s avg_lap=360.5s best_lap=358.9
t=981.7 TOTAL laps=14 crashes=0
t=981.7 TUNER gen=0 results=14/64 pending=4 active=4 remaining=50 next_trial=19 rounds=[3,2,2,2,2,3,2,2]
t=1011.7 ==== SUMMARY t=1011.7 ====
t=1011.7 route=1 laps=2 crashes=0 avg_out=141.6s avg_ret=162.6s avg_lap=319.1s best_lap=317.0
t=1011.7 route=2 laps=2 crashes=0 avg_out=178.7s avg_ret=226.0s avg_lap=416.7s best_lap=408.6
t=1011.7 route=3 laps=1 crashes=0 avg_out=208.4s avg_ret=254.9s avg_lap=474.8s best_lap=474.8
t=1011.7 route=4 laps=2 crashes=0 avg_out=174.3s avg_ret=150.9s avg_lap=337.2s best_lap=335.1
t=1011.7 route=5 laps=1 crashes=0 avg_out=248.7s avg_ret=224.4s avg_lap=486.8s best_lap=486.8
t=1011.7 route=6 laps=2 crashes=0 avg_out=137.1s avg_ret=139.3s avg_lap=295.9s best_lap=294.2
t=1011.7 route=7 laps=2 crashes=0 avg_out=166.7s avg_ret=150.2s avg_lap=328.9s best_lap=324.8
t=1011.7 route=8 laps=2 crashes=0 avg_out=170.8s avg_ret=177.8s avg_lap=360.5s best_lap=358.9
t=1011.8 TOTAL laps=14 crashes=0
t=1011.8 TUNER gen=0 results=14/64 pending=4 active=4 remaining=50 next_trial=19 rounds=[3,2,2,2,2,3,2,2]
t=1014.7 LAP_CAPTURE craft=Aircraft_10_nav_r1_17 route=1 return=158.4s lap=306.4s carrier_dist=200m t=1014.7
t=1036.4 LAP_CAPTURE craft=Aircraft_10_nav_r6_18 route=6 return=138.7s lap=272.7s carrier_dist=200m t=1036.4
t=1041.7 ==== SUMMARY t=1041.7 ====
t=1041.7 route=1 laps=3 crashes=0 avg_out=141.6s avg_ret=161.2s avg_lap=314.8s best_lap=306.4
t=1041.7 route=2 laps=2 crashes=0 avg_out=178.7s avg_ret=226.0s avg_lap=416.7s best_lap=408.6
t=1041.7 route=3 laps=1 crashes=0 avg_out=208.4s avg_ret=254.9s avg_lap=474.8s best_lap=474.8
t=1041.7 route=4 laps=2 crashes=0 avg_out=174.3s avg_ret=150.9s avg_lap=337.2s best_lap=335.1
t=1041.7 route=5 laps=1 crashes=0 avg_out=248.7s avg_ret=224.4s avg_lap=486.8s best_lap=486.8
t=1041.7 route=6 laps=3 crashes=0 avg_out=137.1s avg_ret=139.1s avg_lap=288.1s best_lap=272.7
t=1041.7 route=7 laps=2 crashes=0 avg_out=166.7s avg_ret=150.2s avg_lap=328.9s best_lap=324.8
t=1041.7 route=8 laps=2 crashes=0 avg_out=170.8s avg_ret=177.8s avg_lap=360.5s best_lap=358.9
t=1041.7 TOTAL laps=16 crashes=0
t=1041.8 TUNER gen=0 results=16/64 pending=2 active=2 remaining=48 next_trial=19 rounds=[3,2,2,2,2,3,2,2]
t=1059.0 LAP_CAPTURE craft=Aircraft_10_nav_r3_15 route=3 return=265.3s lap=486.1s carrier_dist=200m t=1059.0
t=1071.8 ==== SUMMARY t=1071.8 ====
t=1071.8 route=1 laps=3 crashes=0 avg_out=141.6s avg_ret=161.2s avg_lap=314.8s best_lap=306.4
t=1071.8 route=2 laps=2 crashes=0 avg_out=178.7s avg_ret=226.0s avg_lap=416.7s best_lap=408.6
t=1071.8 route=3 laps=2 crashes=0 avg_out=208.4s avg_ret=260.1s avg_lap=480.5s best_lap=474.8
t=1071.8 route=4 laps=2 crashes=0 avg_out=174.3s avg_ret=150.9s avg_lap=337.2s best_lap=335.1
t=1071.8 route=5 laps=1 crashes=0 avg_out=248.7s avg_ret=224.4s avg_lap=486.8s best_lap=486.8
t=1071.8 route=6 laps=3 crashes=0 avg_out=137.1s avg_ret=139.1s avg_lap=288.1s best_lap=272.7
t=1071.8 route=7 laps=2 crashes=0 avg_out=166.7s avg_ret=150.2s avg_lap=328.9s best_lap=324.8
t=1071.8 route=8 laps=2 crashes=0 avg_out=170.8s avg_ret=177.8s avg_lap=360.5s best_lap=358.9
t=1071.9 TOTAL laps=17 crashes=0
t=1071.9 TUNER gen=0 results=17/64 pending=1 active=1 remaining=47 next_trial=19 rounds=[3,2,2,2,2,3,2,2]
t=1101.8 ==== SUMMARY t=1101.8 ====
t=1101.8 route=1 laps=3 crashes=0 avg_out=141.6s avg_ret=161.2s avg_lap=314.8s best_lap=306.4
t=1101.8 route=2 laps=2 crashes=0 avg_out=178.7s avg_ret=226.0s avg_lap=416.7s best_lap=408.6
t=1101.8 route=3 laps=2 crashes=0 avg_out=208.4s avg_ret=260.1s avg_lap=480.5s best_lap=474.8
t=1101.8 route=4 laps=2 crashes=0 avg_out=174.3s avg_ret=150.9s avg_lap=337.2s best_lap=335.1
t=1101.9 route=5 laps=1 crashes=0 avg_out=248.7s avg_ret=224.4s avg_lap=486.8s best_lap=486.8
t=1101.9 route=6 laps=3 crashes=0 avg_out=137.1s avg_ret=139.1s avg_lap=288.1s best_lap=272.7
t=1101.9 route=7 laps=2 crashes=0 avg_out=166.7s avg_ret=150.2s avg_lap=328.9s best_lap=324.8
t=1101.9 route=8 laps=2 crashes=0 avg_out=170.8s avg_ret=177.8s avg_lap=360.5s best_lap=358.9
t=1101.9 TOTAL laps=17 crashes=0
t=1101.9 TUNER gen=0 results=17/64 pending=1 active=1 remaining=47 next_trial=19 rounds=[3,2,2,2,2,3,2,2]
t=1111.8 LAP_CAPTURE craft=Aircraft_10_nav_r5_16 route=5 return=234.8s lap=493.7s carrier_dist=200m t=1111.8
t=1111.8 IDLE_TUNER_REFILL gen=0 results=18/64 remaining=46 active_nav=0 stored_before=0 queued=0 stored_after=0 retrieval_started=false state=IDLE next_trial=19
t=1126.8 IDLE_TUNER_REFILL gen=0 results=18/64 remaining=46 active_nav=0 stored_before=0 queued=0 stored_after=0 retrieval_started=false state=IDLE next_trial=19
t=1131.9 ==== SUMMARY t=1131.9 ====
t=1131.9 route=1 laps=3 crashes=0 avg_out=141.6s avg_ret=161.2s avg_lap=314.8s best_lap=306.4
t=1131.9 route=2 laps=2 crashes=0 avg_out=178.7s avg_ret=226.0s avg_lap=416.7s best_lap=408.6
t=1131.9 route=3 laps=2 crashes=0 avg_out=208.4s avg_ret=260.1s avg_lap=480.5s best_lap=474.8
t=1131.9 route=4 laps=2 crashes=0 avg_out=174.3s avg_ret=150.9s avg_lap=337.2s best_lap=335.1
t=1131.9 route=5 laps=2 crashes=0 avg_out=248.7s avg_ret=229.6s avg_lap=490.3s best_lap=486.8
t=1131.9 route=6 laps=3 crashes=0 avg_out=137.1s avg_ret=139.1s avg_lap=288.1s best_lap=272.7
t=1131.9 route=7 laps=2 crashes=0 avg_out=166.7s avg_ret=150.2s avg_lap=328.9s best_lap=324.8
t=1131.9 route=8 laps=2 crashes=0 avg_out=170.8s avg_ret=177.8s avg_lap=360.5s best_lap=358.9
t=1131.9 TOTAL laps=18 crashes=0
t=1131.9 TUNER gen=0 results=18/64 pending=0 active=0 remaining=46 next_trial=19 rounds=[3,2,2,2,2,3,2,2]
t=1141.8 IDLE_TUNER_REFILL gen=0 results=18/64 remaining=46 active_nav=0 stored_before=0 queued=0 stored_after=0 retrieval_started=false state=IDLE next_trial=19
t=1156.8 IDLE_TUNER_REFILL gen=0 results=18/64 remaining=46 active_nav=0 stored_before=0 queued=0 stored_after=0 retrieval_started=false state=IDLE next_trial=19
t=1161.9 ==== SUMMARY t=1161.9 ====
t=1161.9 route=1 laps=3 crashes=0 avg_out=141.6s avg_ret=161.2s avg_lap=314.8s best_lap=306.4
t=1161.9 route=2 laps=2 crashes=0 avg_out=178.7s avg_ret=226.0s avg_lap=416.7s best_lap=408.6
t=1161.9 route=3 laps=2 crashes=0 avg_out=208.4s avg_ret=260.1s avg_lap=480.5s best_lap=474.8
t=1161.9 route=4 laps=2 crashes=0 avg_out=174.3s avg_ret=150.9s avg_lap=337.2s best_lap=335.1
t=1161.9 route=5 laps=2 crashes=0 avg_out=248.7s avg_ret=229.6s avg_lap=490.3s best_lap=486.8
t=1161.9 route=6 laps=3 crashes=0 avg_out=137.1s avg_ret=139.1s avg_lap=288.1s best_lap=272.7
t=1161.9 route=7 laps=2 crashes=0 avg_out=166.7s avg_ret=150.2s avg_lap=328.9s best_lap=324.8
t=1161.9 route=8 laps=2 crashes=0 avg_out=170.8s avg_ret=177.8s avg_lap=360.5s best_lap=358.9
t=1161.9 TOTAL laps=18 crashes=0
t=1161.9 TUNER gen=0 results=18/64 pending=0 active=0 remaining=46 next_trial=19 rounds=[3,2,2,2,2,3,2,2]
t=1171.8 IDLE_TUNER_REFILL gen=0 results=18/64 remaining=46 active_nav=0 stored_before=0 queued=0 stored_after=0 retrieval_started=false state=IDLE next_trial=19
t=1186.8 IDLE_TUNER_REFILL gen=0 results=18/64 remaining=46 active_nav=0 stored_before=0 queued=0 stored_after=0 retrieval_started=false state=IDLE next_trial=19
t=1191.9 ==== SUMMARY t=1191.9 ====
t=1191.9 route=1 laps=3 crashes=0 avg_out=141.6s avg_ret=161.2s avg_lap=314.8s best_lap=306.4
t=1191.9 route=2 laps=2 crashes=0 avg_out=178.7s avg_ret=226.0s avg_lap=416.7s best_lap=408.6
t=1191.9 route=3 laps=2 crashes=0 avg_out=208.4s avg_ret=260.1s avg_lap=480.5s best_lap=474.8
t=1191.9 route=4 laps=2 crashes=0 avg_out=174.3s avg_ret=150.9s avg_lap=337.2s best_lap=335.1
t=1191.9 route=5 laps=2 crashes=0 avg_out=248.7s avg_ret=229.6s avg_lap=490.3s best_lap=486.8
t=1191.9 route=6 laps=3 crashes=0 avg_out=137.1s avg_ret=139.1s avg_lap=288.1s best_lap=272.7
t=1192.0 route=7 laps=2 crashes=0 avg_out=166.7s avg_ret=150.2s avg_lap=328.9s best_lap=324.8
t=1192.0 route=8 laps=2 crashes=0 avg_out=170.8s avg_ret=177.8s avg_lap=360.5s best_lap=358.9
t=1192.0 TOTAL laps=18 crashes=0
t=1192.0 TUNER gen=0 results=18/64 pending=0 active=0 remaining=46 next_trial=19 rounds=[3,2,2,2,2,3,2,2]
t=1201.9 IDLE_TUNER_REFILL gen=0 results=18/64 remaining=46 active_nav=0 stored_before=0 queued=0 stored_after=0 retrieval_started=false state=IDLE next_trial=19
t=1216.9 IDLE_TUNER_REFILL gen=0 results=18/64 remaining=46 active_nav=0 stored_before=0 queued=0 stored_after=0 retrieval_started=false state=IDLE next_trial=19
t=1221.9 ==== SUMMARY t=1221.9 ====
t=1221.9 route=1 laps=3 crashes=0 avg_out=141.6s avg_ret=161.2s avg_lap=314.8s best_lap=306.4
t=1221.9 route=2 laps=2 crashes=0 avg_out=178.7s avg_ret=226.0s avg_lap=416.7s best_lap=408.6
t=1221.9 route=3 laps=2 crashes=0 avg_out=208.4s avg_ret=260.1s avg_lap=480.5s best_lap=474.8
t=1221.9 route=4 laps=2 crashes=0 avg_out=174.3s avg_ret=150.9s avg_lap=337.2s best_lap=335.1
t=1221.9 route=5 laps=2 crashes=0 avg_out=248.7s avg_ret=229.6s avg_lap=490.3s best_lap=486.8
t=1221.9 route=6 laps=3 crashes=0 avg_out=137.1s avg_ret=139.1s avg_lap=288.1s best_lap=272.7
t=1222.0 route=7 laps=2 crashes=0 avg_out=166.7s avg_ret=150.2s avg_lap=328.9s best_lap=324.8
t=1222.0 route=8 laps=2 crashes=0 avg_out=170.8s avg_ret=177.8s avg_lap=360.5s best_lap=358.9
t=1222.0 TOTAL laps=18 crashes=0
t=1222.0 TUNER gen=0 results=18/64 pending=0 active=0 remaining=46 next_trial=19 rounds=[3,2,2,2,2,3,2,2]
t=1231.9 IDLE_TUNER_REFILL gen=0 results=18/64 remaining=46 active_nav=0 stored_before=0 queued=0 stored_after=0 retrieval_started=false state=IDLE next_trial=19
t=1246.9 IDLE_TUNER_REFILL gen=0 results=18/64 remaining=46 active_nav=0 stored_before=0 queued=0 stored_after=0 retrieval_started=false state=IDLE next_trial=19
t=1251.9 ==== SUMMARY t=1251.9 ====
t=1251.9 route=1 laps=3 crashes=0 avg_out=141.6s avg_ret=161.2s avg_lap=314.8s best_lap=306.4
t=1251.9 route=2 laps=2 crashes=0 avg_out=178.7s avg_ret=226.0s avg_lap=416.7s best_lap=408.6
t=1252.0 route=3 laps=2 crashes=0 avg_out=208.4s avg_ret=260.1s avg_lap=480.5s best_lap=474.8
t=1252.0 route=4 laps=2 crashes=0 avg_out=174.3s avg_ret=150.9s avg_lap=337.2s best_lap=335.1
t=1252.0 route=5 laps=2 crashes=0 avg_out=248.7s avg_ret=229.6s avg_lap=490.3s best_lap=486.8
t=1252.0 route=6 laps=3 crashes=0 avg_out=137.1s avg_ret=139.1s avg_lap=288.1s best_lap=272.7
t=1252.0 route=7 laps=2 crashes=0 avg_out=166.7s avg_ret=150.2s avg_lap=328.9s best_lap=324.8
t=1252.0 route=8 laps=2 crashes=0 avg_out=170.8s avg_ret=177.8s avg_lap=360.5s best_lap=358.9
t=1252.0 TOTAL laps=18 crashes=0
t=1252.0 TUNER gen=0 results=18/64 pending=0 active=0 remaining=46 next_trial=19 rounds=[3,2,2,2,2,3,2,2]
t=1261.9 IDLE_TUNER_REFILL gen=0 results=18/64 remaining=46 active_nav=0 stored_before=0 queued=0 stored_after=0 retrieval_started=false state=IDLE next_trial=19
t=1276.9 IDLE_TUNER_REFILL gen=0 results=18/64 remaining=46 active_nav=0 stored_before=0 queued=0 stored_after=0 retrieval_started=false state=IDLE next_trial=19
t=1281.9 ==== SUMMARY t=1281.9 ====
t=1281.9 route=1 laps=3 crashes=0 avg_out=141.6s avg_ret=161.2s avg_lap=314.8s best_lap=306.4
t=1281.9 route=2 laps=2 crashes=0 avg_out=178.7s avg_ret=226.0s avg_lap=416.7s best_lap=408.6
t=1281.9 route=3 laps=2 crashes=0 avg_out=208.4s avg_ret=260.1s avg_lap=480.5s best_lap=474.8
t=1282.0 route=4 laps=2 crashes=0 avg_out=174.3s avg_ret=150.9s avg_lap=337.2s best_lap=335.1
t=1282.0 route=5 laps=2 crashes=0 avg_out=248.7s avg_ret=229.6s avg_lap=490.3s best_lap=486.8
t=1282.0 route=6 laps=3 crashes=0 avg_out=137.1s avg_ret=139.1s avg_lap=288.1s best_lap=272.7
t=1282.0 route=7 laps=2 crashes=0 avg_out=166.7s avg_ret=150.2s avg_lap=328.9s best_lap=324.8
t=1282.0 route=8 laps=2 crashes=0 avg_out=170.8s avg_ret=177.8s avg_lap=360.5s best_lap=358.9
t=1282.0 TOTAL laps=18 crashes=0
t=1282.0 TUNER gen=0 results=18/64 pending=0 active=0 remaining=46 next_trial=19 rounds=[3,2,2,2,2,3,2,2]
